Component: ARM Compiler 5.05 (build 41) Tool: armlink [4d0eb9]

==============================================================================

Section Cross References

    stm32f0xx_hal_rcc.o(i.HAL_RCC_ClockConfig) refers to stm32f0xx_hal.o(i.HAL_GetTick) for HAL_GetTick
    stm32f0xx_hal_rcc.o(i.HAL_RCC_ClockConfig) refers to stm32f0xx_hal.o(i.HAL_InitTick) for HAL_InitTick
    stm32f0xx_hal_rcc.o(i.HAL_RCC_GetHCLKFreq) refers to stm32f0xx_hal_rcc.o(i.HAL_RCC_GetSysClockFreq) for HAL_RCC_GetSysClockFreq
    stm32f0xx_hal_rcc.o(i.HAL_RCC_GetHCLKFreq) refers to stm32f0xx_hal_rcc.o(.constdata) for aAPBAHBPrescTable
    stm32f0xx_hal_rcc.o(i.HAL_RCC_GetHCLKFreq) refers to system_stm32f0xx.o(.data) for SystemCoreClock
    stm32f0xx_hal_rcc.o(i.HAL_RCC_GetPCLK1Freq) refers to stm32f0xx_hal_rcc.o(i.HAL_RCC_GetHCLKFreq) for HAL_RCC_GetHCLKFreq
    stm32f0xx_hal_rcc.o(i.HAL_RCC_GetPCLK1Freq) refers to stm32f0xx_hal_rcc.o(.constdata) for aAPBAHBPrescTable
    stm32f0xx_hal_rcc.o(i.HAL_RCC_GetSysClockFreq) refers to uidiv.o(.text) for __aeabi_uidivmod
    stm32f0xx_hal_rcc.o(i.HAL_RCC_MCOConfig) refers to stm32f0xx_hal_gpio.o(i.HAL_GPIO_Init) for HAL_GPIO_Init
    stm32f0xx_hal_rcc.o(i.HAL_RCC_NMI_IRQHandler) refers to stm32f0xx_hal_rcc.o(i.HAL_RCC_CSSCallback) for HAL_RCC_CSSCallback
    stm32f0xx_hal_rcc.o(i.HAL_RCC_OscConfig) refers to stm32f0xx_hal.o(i.HAL_GetTick) for HAL_GetTick
    stm32f0xx_hal_flash.o(i.FLASH_Program_HalfWord) refers to stm32f0xx_hal_flash.o(.bss) for pFlash
    stm32f0xx_hal_flash.o(i.FLASH_SetErrorCode) refers to stm32f0xx_hal_flash.o(.bss) for pFlash
    stm32f0xx_hal_flash.o(i.FLASH_WaitForLastOperation) refers to stm32f0xx_hal.o(i.HAL_GetTick) for HAL_GetTick
    stm32f0xx_hal_flash.o(i.FLASH_WaitForLastOperation) refers to stm32f0xx_hal_flash.o(i.FLASH_SetErrorCode) for FLASH_SetErrorCode
    stm32f0xx_hal_flash.o(i.HAL_FLASH_GetError) refers to stm32f0xx_hal_flash.o(.bss) for pFlash
    stm32f0xx_hal_flash.o(i.HAL_FLASH_IRQHandler) refers to stm32f0xx_hal_flash.o(i.FLASH_SetErrorCode) for FLASH_SetErrorCode
    stm32f0xx_hal_flash.o(i.HAL_FLASH_IRQHandler) refers to stm32f0xx_hal_flash.o(i.HAL_FLASH_OperationErrorCallback) for HAL_FLASH_OperationErrorCallback
    stm32f0xx_hal_flash.o(i.HAL_FLASH_IRQHandler) refers to stm32f0xx_hal_flash.o(i.HAL_FLASH_EndOfOperationCallback) for HAL_FLASH_EndOfOperationCallback
    stm32f0xx_hal_flash.o(i.HAL_FLASH_IRQHandler) refers to stm32f0xx_hal_flash_ex.o(i.FLASH_PageErase) for FLASH_PageErase
    stm32f0xx_hal_flash.o(i.HAL_FLASH_IRQHandler) refers to stm32f0xx_hal_flash.o(i.FLASH_Program_HalfWord) for FLASH_Program_HalfWord
    stm32f0xx_hal_flash.o(i.HAL_FLASH_IRQHandler) refers to stm32f0xx_hal_flash.o(.bss) for pFlash
    stm32f0xx_hal_flash.o(i.HAL_FLASH_OB_Launch) refers to stm32f0xx_hal_flash.o(i.FLASH_WaitForLastOperation) for FLASH_WaitForLastOperation
    stm32f0xx_hal_flash.o(i.HAL_FLASH_Program) refers to stm32f0xx_hal_flash.o(i.FLASH_WaitForLastOperation) for FLASH_WaitForLastOperation
    stm32f0xx_hal_flash.o(i.HAL_FLASH_Program) refers to llushr.o(.text) for __aeabi_llsr
    stm32f0xx_hal_flash.o(i.HAL_FLASH_Program) refers to stm32f0xx_hal_flash.o(i.FLASH_Program_HalfWord) for FLASH_Program_HalfWord
    stm32f0xx_hal_flash.o(i.HAL_FLASH_Program) refers to stm32f0xx_hal_flash.o(.bss) for pFlash
    stm32f0xx_hal_flash.o(i.HAL_FLASH_Program_IT) refers to stm32f0xx_hal_flash.o(i.FLASH_Program_HalfWord) for FLASH_Program_HalfWord
    stm32f0xx_hal_flash.o(i.HAL_FLASH_Program_IT) refers to stm32f0xx_hal_flash.o(.bss) for pFlash
    stm32f0xx_hal_flash_ex.o(i.FLASH_MassErase) refers to stm32f0xx_hal_flash.o(.bss) for pFlash
    stm32f0xx_hal_flash_ex.o(i.FLASH_OB_DisableWRP) refers to stm32f0xx_hal_flash_ex.o(i.FLASH_OB_GetWRP) for FLASH_OB_GetWRP
    stm32f0xx_hal_flash_ex.o(i.FLASH_OB_DisableWRP) refers to stm32f0xx_hal_flash.o(i.FLASH_WaitForLastOperation) for FLASH_WaitForLastOperation
    stm32f0xx_hal_flash_ex.o(i.FLASH_OB_DisableWRP) refers to stm32f0xx_hal_flash_ex.o(i.HAL_FLASHEx_OBErase) for HAL_FLASHEx_OBErase
    stm32f0xx_hal_flash_ex.o(i.FLASH_OB_DisableWRP) refers to stm32f0xx_hal_flash.o(.bss) for pFlash
    stm32f0xx_hal_flash_ex.o(i.FLASH_OB_EnableWRP) refers to stm32f0xx_hal_flash_ex.o(i.FLASH_OB_GetWRP) for FLASH_OB_GetWRP
    stm32f0xx_hal_flash_ex.o(i.FLASH_OB_EnableWRP) refers to stm32f0xx_hal_flash.o(i.FLASH_WaitForLastOperation) for FLASH_WaitForLastOperation
    stm32f0xx_hal_flash_ex.o(i.FLASH_OB_EnableWRP) refers to stm32f0xx_hal_flash_ex.o(i.HAL_FLASHEx_OBErase) for HAL_FLASHEx_OBErase
    stm32f0xx_hal_flash_ex.o(i.FLASH_OB_EnableWRP) refers to stm32f0xx_hal_flash.o(.bss) for pFlash
    stm32f0xx_hal_flash_ex.o(i.FLASH_OB_ProgramData) refers to stm32f0xx_hal_flash.o(i.FLASH_WaitForLastOperation) for FLASH_WaitForLastOperation
    stm32f0xx_hal_flash_ex.o(i.FLASH_OB_ProgramData) refers to stm32f0xx_hal_flash.o(.bss) for pFlash
[...]
    stm32f0xx_hal_adc.o(i.ADC_Enable) refers to uidiv.o(.text) for __aeabi_uidivmod
    stm32f0xx_hal_adc.o(i.ADC_Enable) refers to stm32f0xx_hal.o(i.HAL_GetTick) for HAL_GetTick
    stm32f0xx_hal_adc.o(i.ADC_Enable) refers to system_stm32f0xx.o(.data) for SystemCoreClock
    stm32f0xx_hal_adc.o(i.HAL_ADC_ConfigChannel) refers to uidiv.o(.text) for __aeabi_uidivmod
    stm32f0xx_hal_adc.o(i.HAL_ADC_ConfigChannel) refers to system_stm32f0xx.o(.data) for SystemCoreClock
    stm32f0xx_hal_adc.o(i.HAL_ADC_DeInit) refers to stm32f0xx_hal_adc.o(i.ADC_ConversionStop) for ADC_ConversionStop
    stm32f0xx_hal_adc.o(i.HAL_ADC_DeInit) refers to stm32f0xx_hal_adc.o(i.ADC_Disable) for ADC_Disable
    stm32f0xx_hal_adc.o(i.HAL_ADC_DeInit) refers to stm32f0xx_hal_msp.o(i.HAL_ADC_MspDeInit) for HAL_ADC_MspDeInit
    stm32f0xx_hal_adc.o(i.HAL_ADC_IRQHandler) refers to stm32f0xx_hal_adc.o(i.HAL_ADC_ConvCpltCallback) for HAL_ADC_ConvCpltCallback
    stm32f0xx_hal_adc.o(i.HAL_ADC_IRQHandler) refers to stm32f0xx_hal_adc.o(i.HAL_ADC_LevelOutOfWindowCallback) for HAL_ADC_LevelOutOfWindowCallback
    stm32f0xx_hal_adc.o(i.HAL_ADC_IRQHandler) refers to stm32f0xx_hal_adc.o(i.HAL_ADC_ErrorCallback) for HAL_ADC_ErrorCallback
    stm32f0xx_hal_adc.o(i.HAL_ADC_Init) refers to stm32f0xx_hal_msp.o(i.HAL_ADC_MspInit) for HAL_ADC_MspInit
    stm32f0xx_hal_adc.o(i.HAL_ADC_PollForConversion) refers to stm32f0xx_hal.o(i.HAL_GetTick) for HAL_GetTick
    stm32f0xx_hal_adc.o(i.HAL_ADC_PollForEvent) refers to stm32f0xx_hal.o(i.HAL_GetTick) for HAL_GetTick
    stm32f0xx_hal_adc.o(i.HAL_ADC_Start) refers to stm32f0xx_hal_adc.o(i.ADC_Enable) for ADC_Enable
    stm32f0xx_hal_adc.o(i.HAL_ADC_Start_DMA) refers to stm32f0xx_hal_adc.o(i.ADC_Enable) for ADC_Enable
    stm32f0xx_hal_adc.o(i.HAL_ADC_Start_DMA) refers to stm32f0xx_hal_dma.o(i.HAL_DMA_Start_IT) for HAL_DMA_Start_IT
    stm32f0xx_hal_adc.o(i.HAL_ADC_Start_DMA) refers to stm32f0xx_hal_adc.o(i.ADC_DMAConvCplt) for ADC_DMAConvCplt
    stm32f0xx_hal_adc.o(i.HAL_ADC_Start_DMA) refers to stm32f0xx_hal_adc.o(i.ADC_DMAHalfConvCplt) for ADC_DMAHalfConvCplt
    stm32f0xx_hal_adc.o(i.HAL_ADC_Start_DMA) refers to stm32f0xx_hal_adc.o(i.ADC_DMAError) for ADC_DMAError
    stm32f0xx_hal_adc.o(i.HAL_ADC_Start_IT) refers to stm32f0xx_hal_adc.o(i.ADC_Enable) for ADC_Enable
    stm32f0xx_hal_adc.o(i.HAL_ADC_Stop) refers to stm32f0xx_hal_adc.o(i.ADC_ConversionStop) for ADC_ConversionStop
    stm32f0xx_hal_adc.o(i.HAL_ADC_Stop) refers to stm32f0xx_hal_adc.o(i.ADC_Disable) for ADC_Disable
    stm32f0xx_hal_adc.o(i.HAL_ADC_Stop_DMA) refers to stm32f0xx_hal_adc.o(i.ADC_ConversionStop) for ADC_ConversionStop
    stm32f0xx_hal_adc.o(i.HAL_ADC_Stop_DMA) refers to stm32f0xx_hal_dma.o(i.HAL_DMA_Abort) for HAL_DMA_Abort
    stm32f0xx_hal_adc.o(i.HAL_ADC_Stop_DMA) refers to stm32f0xx_hal_adc.o(i.ADC_Disable) for ADC_Disable
    stm32f0xx_hal_adc.o(i.HAL_ADC_Stop_IT) refers to stm32f0xx_hal_adc.o(i.ADC_ConversionStop) for ADC_ConversionStop
    stm32f0xx_hal_adc.o(i.HAL_ADC_Stop_IT) refers to stm32f0xx_hal_adc.o(i.ADC_Disable) for ADC_Disable
    stm32f0xx_hal_adc_ex.o(i.HAL_ADCEx_Calibration_Start) refers to stm32f0xx_hal.o(i.HAL_GetTick) for HAL_GetTick
    system_stm32f0xx.o(i.SystemCoreClockUpdate) refers to uidiv.o(.text) for __aeabi_uidivmod
    system_stm32f0xx.o(i.SystemCoreClockUpdate) refers to system_stm32f0xx.o(.data) for SystemCoreClock
    stm32f0xx_it.o(i.DMA1_Channel1_IRQHandler) refers to stm32f0xx_hal_dma.o(i.HAL_DMA_IRQHandler) for HAL_DMA_IRQHandler
    stm32f0xx_it.o(i.DMA1_Channel1_IRQHandler) refers to main.o(.bss) for hdma_adc
    stm32f0xx_it.o(i.DMA1_Channel1_IRQHandler) refers to main.o(.data) for adnum
    stm32f0xx_it.o(i.DMA1_Channel2_3_IRQHandler) refers to stm32f0xx_hal_dma.o(i.HAL_DMA_IRQHandler) for HAL_DMA_IRQHandler
    stm32f0xx_it.o(i.DMA1_Channel2_3_IRQHandler) refers to main.o(.bss) for hdma_usart1_tx
    stm32f0xx_it.o(i.DMA1_Channel2_3_IRQHandler) refers to main.o(.data) for dma_flag_key
    stm32f0xx_it.o(i.DMA1_Channel4_5_IRQHandler) refers to stm32f0xx_hal_dma.o(i.HAL_DMA_IRQHandler) for HAL_DMA_IRQHandler
    stm32f0xx_it.o(i.DMA1_Channel4_5_IRQHandler) refers to main.o(.bss) for hdma_usart2_tx
    stm32f0xx_it.o(i.DMA1_Channel4_5_IRQHandler) refers to main.o(.data) for dma_flag_midi
    stm32f0xx_it.o(i.EXTI2_3_IRQHandler) refers to stm32f0xx_hal_gpio.o(i.HAL_GPIO_EXTI_IRQHandler) for HAL_GPIO_EXTI_IRQHandler
    stm32f0xx_it.o(i.SysTick_Handler) refers to stm32f0xx_hal.o(i.HAL_IncTick) for HAL_IncTick
    stm32f0xx_it.o(i.SysTick_Handler) refers to stm32f0xx_hal_cortex.o(i.HAL_SYSTICK_IRQHandler) for HAL_SYSTICK_IRQHandler
    stm32f0xx_it.o(i.SysTick_Handler) refers to main.o(.data) for chk_flg
    stm32f0xx_it.o(i.TIM3_IRQHandler) refers to stm32f0xx_hal_tim.o(i.HAL_TIM_IRQHandler) for HAL_TIM_IRQHandler
    stm32f0xx_it.o(i.TIM3_IRQHandler) refers to main.o(.bss) for htim3
    stm32f0xx_it.o(i.TIM3_IRQHandler) refers to main.o(.data) for timer
    stm32f0xx_it.o(i.USART1_IRQHandler) refers to stm32f0xx_hal_uart_ex.o(i.HAL_UART_IRQHandler) for HAL_UART_IRQHandler
    stm32f0xx_it.o(i.USART1_IRQHandler) refers to main.o(.bss) for huart1
    stm32f0xx_it.o(i.USART2_IRQHandler) refers to stm32f0xx_hal_uart_ex.o(i.HAL_UART_IRQHandler) for HAL_UART_IRQHandler
    stm32f0xx_it.o(i.USART2_IRQHandler) refers to main.o(.bss) for huart2
    stm32f0xx_hal_msp.o(i.HAL_ADC_MspDeInit) refers to stm32f0xx_hal_gpio.o(i.HAL_GPIO_DeInit) for HAL_GPIO_DeInit
    stm32f0xx_hal_msp.o(i.HAL_ADC_MspDeInit) refers to stm32f0xx_hal_dma.o(i.HAL_DMA_DeInit) for HAL_DMA_DeInit
    stm32f0xx_hal_msp.o(i.HAL_ADC_MspInit) refers to stm32f0xx_hal_gpio.o(i.HAL_GPIO_Init) for HAL_GPIO_Init
    stm32f0xx_hal_msp.o(i.HAL_ADC_MspInit) refers to stm32f0xx_hal_dma.o(i.HAL_DMA_Init) for HAL_DMA_Init
    stm32f0xx_hal_msp.o(i.HAL_ADC_MspInit) refers to main.o(.bss) for hdma_adc
    stm32f0xx_hal_msp.o(i.HAL_MspInit) refers to stm32f0xx_hal_cortex.o(i.HAL_NVIC_SetPriority) for HAL_NVIC_SetPriority
    stm32f0xx_hal_msp.o(i.HAL_TIM_Base_MspDeInit) refers to stm32f0xx_hal_cortex.o(i.HAL_NVIC_DisableIRQ) for HAL_NVIC_DisableIRQ
    stm32f0xx_hal_msp.o(i.HAL_TIM_Base_MspInit) refers to stm32f0xx_hal_cortex.o(i.HAL_NVIC_SetPriority) for HAL_NVIC_SetPriority
    stm32f0xx_hal_msp.o(i.HAL_TIM_Base_MspInit) refers to stm32f0xx_hal_cortex.o(i.HAL_NVIC_EnableIRQ) for HAL_NVIC_EnableIRQ
    stm32f0xx_hal_msp.o(i.HAL_UART_MspDeInit) refers to stm32f0xx_hal_gpio.o(i.HAL_GPIO_DeInit) for HAL_GPIO_DeInit
    stm32f0xx_hal_msp.o(i.HAL_UART_MspDeInit) refers to stm32f0xx_hal_dma.o(i.HAL_DMA_DeInit) for HAL_DMA_DeInit
    stm32f0xx_hal_msp.o(i.HAL_UART_MspDeInit) refers to stm32f0xx_hal_cortex.o(i.HAL_NVIC_DisableIRQ) for HAL_NVIC_DisableIRQ
    stm32f0xx_hal_msp.o(i.HAL_UART_MspInit) refers to stm32f0xx_hal_gpio.o(i.HAL_GPIO_Init) for HAL_GPIO_Init
    stm32f0xx_hal_msp.o(i.HAL_UART_MspInit) refers to stm32f0xx_hal_dma.o(i.HAL_DMA_Init) for HAL_DMA_Init
    stm32f0xx_hal_msp.o(i.HAL_UART_MspInit) refers to stm32f0xx_hal_cortex.o(i.HAL_NVIC_SetPriority) for HAL_NVIC_SetPriority
    stm32f0xx_hal_msp.o(i.HAL_UART_MspInit) refers to stm32f0xx_hal_cortex.o(i.HAL_NVIC_EnableIRQ) for HAL_NVIC_EnableIRQ
    stm32f0xx_hal_msp.o(i.HAL_UART_MspInit) refers to main.o(.bss) for hdma_usart1_tx
    main.o(i.MX_ADC_Init) refers to stm32f0xx_hal_adc.o(i.HAL_ADC_Init) for HAL_ADC_Init
    main.o(i.MX_ADC_Init) refers to stm32f0xx_hal_adc_ex.o(i.HAL_ADCEx_Calibration_Start) for HAL_ADCEx_Calibration_Start
    main.o(i.MX_ADC_Init) refers to stm32f0xx_hal_adc.o(i.HAL_ADC_ConfigChannel) for HAL_ADC_ConfigChannel
    main.o(i.MX_ADC_Init) refers to main.o(.bss) for hadc
    main.o(i.MX_DMA_Init) refers to stm32f0xx_hal_cortex.o(i.HAL_NVIC_SetPriority) for HAL_NVIC_SetPriority
    main.o(i.MX_DMA_Init) refers to stm32f0xx_hal_cortex.o(i.HAL_NVIC_EnableIRQ) for HAL_NVIC_EnableIRQ
    main.o(i.MX_GPIO_Init) refers to stm32f0xx_hal_gpio.o(i.HAL_GPIO_Init) for HAL_GPIO_Init
    main.o(i.MX_TIM3_Init) refers to stm32f0xx_hal_tim.o(i.HAL_TIM_Base_Init) for HAL_TIM_Base_Init
    main.o(i.MX_TIM3_Init) refers to stm32f0xx_hal_tim.o(i.HAL_TIM_ConfigClockSource) for HAL_TIM_ConfigClockSource
    main.o(i.MX_TIM3_Init) refers to stm32f0xx_hal_tim_ex.o(i.HAL_TIMEx_MasterConfigSynchronization) for HAL_TIMEx_MasterConfigSynchronization
    main.o(i.MX_TIM3_Init) refers to main.o(.bss) for htim3
    main.o(i.MX_USART1_UART_Init) refers to stm32f0xx_hal_uart.o(i.HAL_UART_Init) for HAL_UART_Init
    main.o(i.MX_USART1_UART_Init) refers to main.o(.bss) for huart1
    main.o(i.MX_USART2_UART_Init) refers to stm32f0xx_hal_uart.o(i.HAL_UART_Init) for HAL_UART_Init
    main.o(i.MX_USART2_UART_Init) refers to main.o(.bss) for huart2
    main.o(i.SystemClock_Config) refers to stm32f0xx_hal_rcc.o(i.HAL_RCC_OscConfig) for HAL_RCC_OscConfig
    main.o(i.SystemClock_Config) refers to stm32f0xx_hal_rcc.o(i.HAL_RCC_ClockConfig) for HAL_RCC_ClockConfig
    main.o(i.SystemClock_Config) refers to stm32f0xx_hal_rcc_ex.o(i.HAL_RCCEx_PeriphCLKConfig) for HAL_RCCEx_PeriphCLKConfig
    main.o(i.SystemClock_Config) refers to stm32f0xx_hal_rcc.o(i.HAL_RCC_GetHCLKFreq) for HAL_RCC_GetHCLKFreq
    main.o(i.SystemClock_Config) refers to uidiv.o(.text) for __aeabi_uidivmod
    main.o(i.SystemClock_Config) refers to stm32f0xx_hal_cortex.o(i.HAL_SYSTICK_Config) for HAL_SYSTICK_Config
    main.o(i.SystemClock_Config) refers to stm32f0xx_hal_cortex.o(i.HAL_SYSTICK_CLKSourceConfig) for HAL_SYSTICK_CLKSourceConfig
    main.o(i.bufadd) refers to main.o(.data) for bufnum_midi
    main.o(i.bufadd) refers to main.o(.bss) for uartbuf_midi
    main.o(i.channel_sel) refers to stm32f0xx_hal_tim.o(i.__ARM_common_switch8) for __ARM_common_switch8
    main.o(i.channel_sel) refers to stm32f0xx_hal_gpio.o(i.HAL_GPIO_WritePin) for HAL_GPIO_WritePin
    main.o(i.fill_key) refers to main.o(.data) for bufnum_key
    main.o(i.fill_key) refers to main.o(.bss) for uartbuf_key
    main.o(i.fill_midi) refers to main.o(.data) for bufnum_midi
    main.o(i.fill_midi) refers to main.o(.bss) for uartbuf_midi
    main.o(i.main) refers to stm32f0xx_hal.o(i.HAL_Init) for HAL_Init
    main.o(i.main) refers to main.o(i.SystemClock_Config) for SystemClock_Config
    main.o(i.main) refers to main.o(i.MX_GPIO_Init) for MX_GPIO_Init
    main.o(i.main) refers to main.o(i.MX_DMA_Init) for MX_DMA_Init
    main.o(i.main) refers to main.o(i.MX_ADC_Init) for MX_ADC_Init
    main.o(i.main) refers to main.o(i.MX_TIM3_Init) for MX_TIM3_Init
    main.o(i.main) refers to main.o(i.MX_USART1_UART_Init) for MX_USART1_UART_Init
    main.o(i.main) refers to main.o(i.MX_USART2_UART_Init) for MX_USART2_UART_Init
    main.o(i.main) refers to stm32f0xx_hal_gpio.o(i.HAL_GPIO_WritePin) for HAL_GPIO_WritePin
    main.o(i.main) refers to main.o(i.channel_sel) for channel_sel
    main.o(i.main) refers to stm32f0xx_hal_gpio.o(i.HAL_GPIO_ReadPin) for HAL_GPIO_ReadPin
    main.o(i.main) refers to main.o(i.fill_key) for fill_key
    main.o(i.main) refers to main.o(i.fill_midi) for fill_midi
    main.o(i.main) refers to main.o(.data) for pinflag
    main.o(i.main) refers to main.o(.bss) for keyMem
    main.o(i.main) refers to main.o(i.mybsearch) for mybsearch
    main.o(i.main) refers to stm32f0xx_hal_gpio.o(i.HAL_GPIO_TogglePin) for HAL_GPIO_TogglePin
    main.o(i.main) refers to stm32f0xx_hal_adc.o(i.HAL_ADC_Start_DMA) for HAL_ADC_Start_DMA
    main.o(i.main) refers to stm32f0xx_hal_uart.o(i.HAL_UART_Transmit_DMA) for HAL_UART_Transmit_DMA
    main.o(i.main) refers to main.o(i.get_ave) for get_ave
    main.o(i.main) refers to main.o(i.bufadd) for bufadd
    startup_stm32f030x8.o(RESET) refers to startup_stm32f030x8.o(STACK) for __initial_sp
    startup_stm32f030x8.o(RESET) refers to startup_stm32f030x8.o(.text) for Reset_Handler
    startup_stm32f030x8.o(RESET) refers to stm32f0xx_it.o(i.SysTick_Handler) for SysTick_Handler
    startup_stm32f030x8.o(RESET) refers to stm32f0xx_it.o(i.EXTI2_3_IRQHandler) for EXTI2_3_IRQHandler
    startup_stm32f030x8.o(RESET) refers to stm32f0xx_it.o(i.DMA1_Channel1_IRQHandler) for DMA1_Channel1_IRQHandler
    startup_stm32f030x8.o(RESET) refers to stm32f0xx_it.o(i.DMA1_Channel2_3_IRQHandler) for DMA1_Channel2_3_IRQHandler
    startup_stm32f030x8.o(RESET) refers to stm32f0xx_it.o(i.DMA1_Channel4_5_IRQHandler) for DMA1_Channel4_5_IRQHandler
    startup_stm32f030x8.o(RESET) refers to stm32f0xx_it.o(i.TIM3_IRQHandler) for TIM3_IRQHandler
    startup_stm32f030x8.o(RESET) refers to stm32f0xx_it.o(i.USART1_IRQHandler) for USART1_IRQHandler
    startup_stm32f030x8.o(RESET) refers to stm32f0xx_it.o(i.USART2_IRQHandler) for USART2_IRQHandler
    startup_stm32f030x8.o(.text) refers to system_stm32f0xx.o(i.SystemInit) for SystemInit
    startup_stm32f030x8.o(.text) refers to entry.o(.ARM.Collect$$$$00000000) for __main
    entry.o(.ARM.Collect$$$$00000000) refers (Special) to entry10a.o(.ARM.Collect$$$$0000000D) for __rt_final_cpp
    entry.o(.ARM.Collect$$$$00000000) refers (Special) to entry11a.o(.ARM.Collect$$$$0000000F) for __rt_final_exit
    entry.o(.ARM.Collect$$$$00000000) refers (Special) to entry7b.o(.ARM.Collect$$$$00000008) for _main_clock
    entry.o(.ARM.Collect$$$$00000000) refers (Special) to entry8b.o(.ARM.Collect$$$$0000000A) for _main_cpp_init
    entry.o(.ARM.Collect$$$$00000000) refers (Special) to entry9a.o(.ARM.Collect$$$$0000000B) for _main_init
    entry.o(.ARM.Collect$$$$00000000) refers (Special) to entry5.o(.ARM.Collect$$$$00000004) for _main_scatterload
    entry.o(.ARM.Collect$$$$00000000) refers (Special) to entry2.o(.ARM.Collect$$$$00000001) for _main_stk
    entry2.o(.ARM.Collect$$$$00000001) refers to entry2.o(.ARM.Collect$$$$00002712) for __lit__00000000
    entry2.o(.ARM.Collect$$$$00002712) refers to startup_stm32f030x8.o(STACK) for __initial_sp
    entry2.o(__vectab_stack_and_reset_area) refers to startup_stm32f030x8.o(STACK) for __initial_sp
    entry2.o(__vectab_stack_and_reset_area) refers to entry.o(.ARM.Collect$$$$00000000) for __main
    entry5.o(.ARM.Collect$$$$00000004) refers to init.o(.text) for __scatterload
    entry9a.o(.ARM.Collect$$$$0000000B) refers to main.o(i.main) for main
    entry9b.o(.ARM.Collect$$$$0000000C) refers to main.o(i.main) for main
    init.o(.text) refers to entry5.o(.ARM.Collect$$$$00000004) for __main_after_scatterload


==============================================================================

Removing Unused input sections from the image.

    Removing stm32f0xx_hal_rcc.o(.rev16_text), (4 bytes).
    Removing stm32f0xx_hal_rcc.o(.revsh_text), (4 bytes).
    Removing stm32f0xx_hal_rcc.o(i.HAL_RCC_CSSCallback), (2 bytes).
    Removing stm32f0xx_hal_rcc.o(i.HAL_RCC_DeInit), (76 bytes).
    Removing stm32f0xx_hal_rcc.o(i.HAL_RCC_DisableCSS), (20 bytes).
    Removing stm32f0xx_hal_rcc.o(i.HAL_RCC_EnableCSS), (20 bytes).
    Removing stm32f0xx_hal_rcc.o(i.HAL_RCC_GetClockConfig), (56 bytes).
    Removing stm32f0xx_hal_rcc.o(i.HAL_RCC_GetOscConfig), (244 bytes).
    Removing stm32f0xx_hal_rcc.o(i.HAL_RCC_MCOConfig), (96 bytes).
    Removing stm32f0xx_hal_rcc.o(i.HAL_RCC_NMI_IRQHandler), (32 bytes).
    Removing stm32f0xx_hal_flash.o(.rev16_text), (4 bytes).
    Removing stm32f0xx_hal_flash.o(.revsh_text), (4 bytes).
    Removing stm32f0xx_hal_flash.o(i.FLASH_Program_HalfWord), (32 bytes).
    Removing stm32f0xx_hal_flash.o(i.FLASH_SetErrorCode), (64 bytes).
    Removing stm32f0xx_hal_flash.o(i.FLASH_WaitForLastOperation), (104 bytes).
    Removing stm32f0xx_hal_flash.o(i.HAL_FLASH_EndOfOperationCallback), (2 bytes).
    Removing stm32f0xx_hal_flash.o(i.HAL_FLASH_GetError), (12 bytes).
    Removing stm32f0xx_hal_flash.o(i.HAL_FLASH_IRQHandler), (384 bytes).
    Removing stm32f0xx_hal_flash.o(i.HAL_FLASH_Lock), (20 bytes).
    Removing stm32f0xx_hal_flash.o(i.HAL_FLASH_OB_Launch), (32 bytes).
    Removing stm32f0xx_hal_flash.o(i.HAL_FLASH_OB_Lock), (24 bytes).
    Removing stm32f0xx_hal_flash.o(i.HAL_FLASH_OB_Unlock), (48 bytes).
    Removing stm32f0xx_hal_flash.o(i.HAL_FLASH_OperationErrorCallback), (2 bytes).
    Removing stm32f0xx_hal_flash.o(i.HAL_FLASH_Program), (188 bytes).
    Removing stm32f0xx_hal_flash.o(i.HAL_FLASH_Program_IT), (120 bytes).
    Removing stm32f0xx_hal_flash.o(i.HAL_FLASH_Unlock), (44 bytes).
    Removing stm32f0xx_hal_flash.o(.bss), (32 bytes).
    Removing stm32f0xx_hal_flash_ex.o(.rev16_text), (4 bytes).
    Removing stm32f0xx_hal_flash_ex.o(.revsh_text), (4 bytes).
    Removing stm32f0xx_hal_flash_ex.o(i.FLASH_MassErase), (40 bytes).
    Removing stm32f0xx_hal_flash_ex.o(i.FLASH_OB_DisableWRP), (148 bytes).
    Removing stm32f0xx_hal_flash_ex.o(i.FLASH_OB_EnableWRP), (152 bytes).
    Removing stm32f0xx_hal_flash_ex.o(i.FLASH_OB_GetRDP), (44 bytes).
    Removing stm32f0xx_hal_flash_ex.o(i.FLASH_OB_GetUser), (20 bytes).
    Removing stm32f0xx_hal_flash_ex.o(i.FLASH_OB_GetWRP), (12 bytes).
    Removing stm32f0xx_hal_flash_ex.o(i.FLASH_OB_ProgramData), (76 bytes).
    Removing stm32f0xx_hal_flash_ex.o(i.FLASH_OB_RDP_LevelConfig), (128 bytes).
    Removing stm32f0xx_hal_flash_ex.o(i.FLASH_OB_UserConfig), (84 bytes).
    Removing stm32f0xx_hal_flash_ex.o(i.FLASH_PageErase), (44 bytes).
    Removing stm32f0xx_hal_flash_ex.o(i.HAL_FLASHEx_Erase), (172 bytes).
    Removing stm32f0xx_hal_flash_ex.o(i.HAL_FLASHEx_Erase_IT), (104 bytes).
    Removing stm32f0xx_hal_flash_ex.o(i.HAL_FLASHEx_OBErase), (100 bytes).
    Removing stm32f0xx_hal_flash_ex.o(i.HAL_FLASHEx_OBGetConfig), (28 bytes).
    Removing stm32f0xx_hal_flash_ex.o(i.HAL_FLASHEx_OBProgram), (98 bytes).
    Removing stm32f0xx_hal_pwr_ex.o(.rev16_text), (4 bytes).
    Removing stm32f0xx_hal_pwr_ex.o(.revsh_text), (4 bytes).
    Removing stm32f0xx_hal_gpio.o(.rev16_text), (4 bytes).
    Removing stm32f0xx_hal_gpio.o(.revsh_text), (4 bytes).
    Removing stm32f0xx_hal_gpio.o(i.HAL_GPIO_DeInit), (268 bytes).
    Removing stm32f0xx_hal_gpio.o(i.HAL_GPIO_LockPin), (50 bytes).
    Removing stm32f0xx_hal_rcc_ex.o(.rev16_text), (4 bytes).
    Removing stm32f0xx_hal_rcc_ex.o(.revsh_text), (4 bytes).
    Removing stm32f0xx_hal_rcc_ex.o(i.HAL_RCCEx_GetPeriphCLKConfig), (48 bytes).
    Removing stm32f0xx_hal_rcc_ex.o(i.HAL_RCCEx_GetPeriphCLKFreq), (260 bytes).
    Removing stm32f0xx_hal_dma.o(.rev16_text), (4 bytes).
    Removing stm32f0xx_hal_dma.o(.revsh_text), (4 bytes).
    Removing stm32f0xx_hal_dma.o(i.HAL_DMA_Abort), (100 bytes).
    Removing stm32f0xx_hal_dma.o(i.HAL_DMA_DeInit), (276 bytes).
    Removing stm32f0xx_hal_dma.o(i.HAL_DMA_GetError), (6 bytes).
    Removing stm32f0xx_hal_dma.o(i.HAL_DMA_GetState), (8 bytes).
    Removing stm32f0xx_hal_dma.o(i.HAL_DMA_PollForTransfer), (548 bytes).
    Removing stm32f0xx_hal_dma.o(i.HAL_DMA_Start), (78 bytes).
    Removing stm32f0xx_hal_tim_ex.o(.rev16_text), (4 bytes).
    Removing stm32f0xx_hal_tim_ex.o(.revsh_text), (4 bytes).
    Removing stm32f0xx_hal_tim_ex.o(i.HAL_TIMEx_ConfigBreakDeadTime), (80 bytes).
    Removing stm32f0xx_hal_tim_ex.o(i.HAL_TIMEx_ConfigCommutationEvent), (112 bytes).
    Removing stm32f0xx_hal_tim_ex.o(i.HAL_TIMEx_ConfigCommutationEvent_DMA), (148 bytes).
    Removing stm32f0xx_hal_tim_ex.o(i.HAL_TIMEx_ConfigCommutationEvent_IT), (124 bytes).
    Removing stm32f0xx_hal_tim_ex.o(i.HAL_TIMEx_HallSensor_DeInit), (80 bytes).
    Removing stm32f0xx_hal_tim_ex.o(i.HAL_TIMEx_HallSensor_GetState), (8 bytes).
    Removing stm32f0xx_hal_tim_ex.o(i.HAL_TIMEx_HallSensor_Init), (212 bytes).
    Removing stm32f0xx_hal_tim_ex.o(i.HAL_TIMEx_HallSensor_MspDeInit), (2 bytes).
    Removing stm32f0xx_hal_tim_ex.o(i.HAL_TIMEx_HallSensor_MspInit), (2 bytes).
    Removing stm32f0xx_hal_tim_ex.o(i.HAL_TIMEx_HallSensor_Start), (30 bytes).
    Removing stm32f0xx_hal_tim_ex.o(i.HAL_TIMEx_HallSensor_Start_DMA), (120 bytes).
    Removing stm32f0xx_hal_tim_ex.o(i.HAL_TIMEx_HallSensor_Start_IT), (42 bytes).
    Removing stm32f0xx_hal_tim_ex.o(i.HAL_TIMEx_HallSensor_Stop), (64 bytes).
    Removing stm32f0xx_hal_tim_ex.o(i.HAL_TIMEx_HallSensor_Stop_DMA), (76 bytes).
    Removing stm32f0xx_hal_tim_ex.o(i.HAL_TIMEx_HallSensor_Stop_IT), (76 bytes).
    Removing stm32f0xx_hal_tim_ex.o(i.HAL_TIMEx_OCN_Start), (46 bytes).
    Removing stm32f0xx_hal_tim_ex.o(i.HAL_TIMEx_OCN_Start_DMA), (292 bytes).
    Removing stm32f0xx_hal_tim_ex.o(i.HAL_TIMEx_OCN_Start_IT), (136 bytes).
    Removing stm32f0xx_hal_tim_ex.o(i.HAL_TIMEx_OCN_Stop), (108 bytes).
    Removing stm32f0xx_hal_tim_ex.o(i.HAL_TIMEx_OCN_Stop_DMA), (200 bytes).
    Removing stm32f0xx_hal_tim_ex.o(i.HAL_TIMEx_OCN_Stop_IT), (216 bytes).
    Removing stm32f0xx_hal_tim_ex.o(i.HAL_TIMEx_OnePulseN_Start), (34 bytes).
    Removing stm32f0xx_hal_tim_ex.o(i.HAL_TIMEx_OnePulseN_Start_IT), (58 bytes).
    Removing stm32f0xx_hal_tim_ex.o(i.HAL_TIMEx_OnePulseN_Stop), (108 bytes).
    Removing stm32f0xx_hal_tim_ex.o(i.HAL_TIMEx_OnePulseN_Stop_IT), (132 bytes).
    Removing stm32f0xx_hal_tim_ex.o(i.HAL_TIMEx_PWMN_Start), (46 bytes).
    Removing stm32f0xx_hal_tim_ex.o(i.HAL_TIMEx_PWMN_Start_DMA), (292 bytes).
    Removing stm32f0xx_hal_tim_ex.o(i.HAL_TIMEx_PWMN_Start_IT), (136 bytes).
    Removing stm32f0xx_hal_tim_ex.o(i.HAL_TIMEx_PWMN_Stop), (108 bytes).
    Removing stm32f0xx_hal_tim_ex.o(i.HAL_TIMEx_PWMN_Stop_DMA), (200 bytes).
    Removing stm32f0xx_hal_tim_ex.o(i.HAL_TIMEx_PWMN_Stop_IT), (216 bytes).
    Removing stm32f0xx_hal_tim_ex.o(i.HAL_TIMEx_RemapConfig), (46 bytes).
    Removing stm32f0xx_hal_tim_ex.o(i.TIMEx_DMACommutationCplt), (20 bytes).
    Removing stm32f0xx_hal_tim_ex.o(i.TIM_CCxNChannelCmd), (28 bytes).
    Removing stm32f0xx_hal_tim.o(.rev16_text), (4 bytes).
    Removing stm32f0xx_hal_tim.o(.revsh_text), (4 bytes).
    Removing stm32f0xx_hal_tim.o(i.HAL_TIM_Base_DeInit), (80 bytes).
    Removing stm32f0xx_hal_tim.o(i.HAL_TIM_Base_GetState), (8 bytes).
    Removing stm32f0xx_hal_tim.o(i.HAL_TIM_Base_MspDeInit), (2 bytes).
    Removing stm32f0xx_hal_tim.o(i.HAL_TIM_Base_MspInit), (2 bytes).
    Removing stm32f0xx_hal_tim.o(i.HAL_TIM_Base_Start), (30 bytes).
    Removing stm32f0xx_hal_tim.o(i.HAL_TIM_Base_Start_DMA), (108 bytes).
    Removing stm32f0xx_hal_tim.o(i.HAL_TIM_Base_Start_IT), (30 bytes).
    Removing stm32f0xx_hal_tim.o(i.HAL_TIM_Base_Stop), (64 bytes).
    Removing stm32f0xx_hal_tim.o(i.HAL_TIM_Base_Stop_DMA), (72 bytes).
    Removing stm32f0xx_hal_tim.o(i.HAL_TIM_Base_Stop_IT), (64 bytes).
    Removing stm32f0xx_hal_tim.o(i.HAL_TIM_ConfigOCrefClear), (292 bytes).
    Removing stm32f0xx_hal_tim.o(i.HAL_TIM_ConfigTI1Input), (34 bytes).
    Removing stm32f0xx_hal_tim.o(i.HAL_TIM_DMABurst_ReadStart), (400 bytes).
    Removing stm32f0xx_hal_tim.o(i.HAL_TIM_DMABurst_ReadStop), (146 bytes).
    Removing stm32f0xx_hal_tim.o(i.HAL_TIM_DMABurst_WriteStart), (400 bytes).
    Removing stm32f0xx_hal_tim.o(i.HAL_TIM_DMABurst_WriteStop), (146 bytes).
    Removing stm32f0xx_hal_tim.o(i.HAL_TIM_Encoder_DeInit), (80 bytes).
    Removing stm32f0xx_hal_tim.o(i.HAL_TIM_Encoder_GetState), (8 bytes).
    Removing stm32f0xx_hal_tim.o(i.HAL_TIM_Encoder_Init), (196 bytes).
    Removing stm32f0xx_hal_tim.o(i.HAL_TIM_Encoder_MspDeInit), (2 bytes).
    Removing stm32f0xx_hal_tim.o(i.HAL_TIM_Encoder_MspInit), (2 bytes).
    Removing stm32f0xx_hal_tim.o(i.HAL_TIM_Encoder_Start), (80 bytes).
    Removing stm32f0xx_hal_tim.o(i.HAL_TIM_Encoder_Start_DMA), (336 bytes).
    Removing stm32f0xx_hal_tim.o(i.HAL_TIM_Encoder_Start_IT), (128 bytes).
    Removing stm32f0xx_hal_tim.o(i.HAL_TIM_Encoder_Stop), (112 bytes).
    Removing stm32f0xx_hal_tim.o(i.HAL_TIM_Encoder_Stop_DMA), (168 bytes).
    Removing stm32f0xx_hal_tim.o(i.HAL_TIM_Encoder_Stop_IT), (160 bytes).
    Removing stm32f0xx_hal_tim.o(i.HAL_TIM_ErrorCallback), (2 bytes).
    Removing stm32f0xx_hal_tim.o(i.HAL_TIM_GenerateEvent), (54 bytes).
    Removing stm32f0xx_hal_tim.o(i.HAL_TIM_IC_ConfigChannel), (226 bytes).
    Removing stm32f0xx_hal_tim.o(i.HAL_TIM_IC_DeInit), (80 bytes).
    Removing stm32f0xx_hal_tim.o(i.HAL_TIM_IC_GetState), (8 bytes).
    Removing stm32f0xx_hal_tim.o(i.HAL_TIM_IC_Init), (56 bytes).
    Removing stm32f0xx_hal_tim.o(i.HAL_TIM_IC_MspDeInit), (2 bytes).
    Removing stm32f0xx_hal_tim.o(i.HAL_TIM_IC_MspInit), (2 bytes).
    Removing stm32f0xx_hal_tim.o(i.HAL_TIM_IC_Start), (32 bytes).
    Removing stm32f0xx_hal_tim.o(i.HAL_TIM_IC_Start_DMA), (276 bytes).
    Removing stm32f0xx_hal_tim.o(i.HAL_TIM_IC_Start_IT), (110 bytes).
    Removing stm32f0xx_hal_tim.o(i.HAL_TIM_IC_Stop), (64 bytes).
    Removing stm32f0xx_hal_tim.o(i.HAL_TIM_IC_Stop_DMA), (156 bytes).
    Removing stm32f0xx_hal_tim.o(i.HAL_TIM_IC_Stop_IT), (144 bytes).
    Removing stm32f0xx_hal_tim.o(i.HAL_TIM_OC_ConfigChannel), (118 bytes).
    Removing stm32f0xx_hal_tim.o(i.HAL_TIM_OC_DeInit), (80 bytes).
    Removing stm32f0xx_hal_tim.o(i.HAL_TIM_OC_GetState), (8 bytes).
    Removing stm32f0xx_hal_tim.o(i.HAL_TIM_OC_Init), (56 bytes).
    Removing stm32f0xx_hal_tim.o(i.HAL_TIM_OC_MspDeInit), (2 bytes).
    Removing stm32f0xx_hal_tim.o(i.HAL_TIM_OC_MspInit), (2 bytes).
    Removing stm32f0xx_hal_tim.o(i.HAL_TIM_OC_Start), (104 bytes).
    Removing stm32f0xx_hal_tim.o(i.HAL_TIM_OC_Start_DMA), (348 bytes).
    Removing stm32f0xx_hal_tim.o(i.HAL_TIM_OC_Start_IT), (184 bytes).
    Removing stm32f0xx_hal_tim.o(i.HAL_TIM_OC_Stop), (164 bytes).
    Removing stm32f0xx_hal_tim.o(i.HAL_TIM_OC_Stop_DMA), (256 bytes).
    Removing stm32f0xx_hal_tim.o(i.HAL_TIM_OC_Stop_IT), (244 bytes).
    Removing stm32f0xx_hal_tim.o(i.HAL_TIM_OnePulse_ConfigChannel), (298 bytes).
    Removing stm32f0xx_hal_tim.o(i.HAL_TIM_OnePulse_DeInit), (80 bytes).
    Removing stm32f0xx_hal_tim.o(i.HAL_TIM_OnePulse_GetState), (8 bytes).
    Removing stm32f0xx_hal_tim.o(i.HAL_TIM_OnePulse_Init), (80 bytes).
    Removing stm32f0xx_hal_tim.o(i.HAL_TIM_OnePulse_MspDeInit), (2 bytes).
    Removing stm32f0xx_hal_tim.o(i.HAL_TIM_OnePulse_MspInit), (2 bytes).
    Removing stm32f0xx_hal_tim.o(i.HAL_TIM_OnePulse_Start), (104 bytes).
    Removing stm32f0xx_hal_tim.o(i.HAL_TIM_OnePulse_Start_IT), (128 bytes).
    Removing stm32f0xx_hal_tim.o(i.HAL_TIM_OnePulse_Stop), (176 bytes).
    Removing stm32f0xx_hal_tim.o(i.HAL_TIM_OnePulse_Stop_IT), (200 bytes).
    Removing stm32f0xx_hal_tim.o(i.HAL_TIM_PWM_ConfigChannel), (274 bytes).
    Removing stm32f0xx_hal_tim.o(i.HAL_TIM_PWM_DeInit), (80 bytes).
    Removing stm32f0xx_hal_tim.o(i.HAL_TIM_PWM_GetState), (8 bytes).
    Removing stm32f0xx_hal_tim.o(i.HAL_TIM_PWM_Init), (56 bytes).
    Removing stm32f0xx_hal_tim.o(i.HAL_TIM_PWM_MspDeInit), (2 bytes).
    Removing stm32f0xx_hal_tim.o(i.HAL_TIM_PWM_MspInit), (2 bytes).
    Removing stm32f0xx_hal_tim.o(i.HAL_TIM_PWM_Start), (104 bytes).
    Removing stm32f0xx_hal_tim.o(i.HAL_TIM_PWM_Start_DMA), (348 bytes).
    Removing stm32f0xx_hal_tim.o(i.HAL_TIM_PWM_Start_IT), (184 bytes).
    Removing stm32f0xx_hal_tim.o(i.HAL_TIM_PWM_Stop), (172 bytes).
    Removing stm32f0xx_hal_tim.o(i.HAL_TIM_PWM_Stop_DMA), (256 bytes).
    Removing stm32f0xx_hal_tim.o(i.HAL_TIM_PWM_Stop_IT), (244 bytes).
    Removing stm32f0xx_hal_tim.o(i.HAL_TIM_ReadCapturedValue), (88 bytes).
    Removing stm32f0xx_hal_tim.o(i.HAL_TIM_SlaveConfigSynchronization), (88 bytes).
    Removing stm32f0xx_hal_tim.o(i.HAL_TIM_SlaveConfigSynchronization_IT), (88 bytes).
    Removing stm32f0xx_hal_tim.o(i.TIM_CCxChannelCmd), (28 bytes).
    Removing stm32f0xx_hal_tim.o(i.TIM_DMACaptureCplt), (70 bytes).
    Removing stm32f0xx_hal_tim.o(i.TIM_DMADelayPulseCplt), (70 bytes).
    Removing stm32f0xx_hal_tim.o(i.TIM_DMAError), (20 bytes).
    Removing stm32f0xx_hal_tim.o(i.TIM_DMAPeriodElapsedCplt), (20 bytes).
    Removing stm32f0xx_hal_tim.o(i.TIM_DMATriggerCplt), (20 bytes).
    Removing stm32f0xx_hal_tim.o(i.TIM_OC1_SetConfig), (180 bytes).
    Removing stm32f0xx_hal_tim.o(i.TIM_OC2_SetConfig), (200 bytes).
    Removing stm32f0xx_hal_tim.o(i.TIM_OC3_SetConfig), (196 bytes).
    Removing stm32f0xx_hal_tim.o(i.TIM_OC4_SetConfig), (136 bytes).
    Removing stm32f0xx_hal_tim.o(i.TIM_SlaveTimer_SetConfig), (172 bytes).
    Removing stm32f0xx_hal_tim.o(i.TIM_TI1_SetConfig), (112 bytes).
    Removing stm32f0xx_hal_tim.o(i.TIM_TI2_SetConfig), (76 bytes).
    Removing stm32f0xx_hal_tim.o(i.TIM_TI3_SetConfig), (74 bytes).
    Removing stm32f0xx_hal_tim.o(i.TIM_TI4_SetConfig), (82 bytes).
    Removing stm32f0xx_hal.o(.rev16_text), (4 bytes).
    Removing stm32f0xx_hal.o(.revsh_text), (4 bytes).
    Removing stm32f0xx_hal.o(i.HAL_DBGMCU_DisableDBGStandbyMode), (20 bytes).
    Removing stm32f0xx_hal.o(i.HAL_DBGMCU_DisableDBGStopMode), (20 bytes).
    Removing stm32f0xx_hal.o(i.HAL_DBGMCU_EnableDBGStandbyMode), (20 bytes).
    Removing stm32f0xx_hal.o(i.HAL_DBGMCU_EnableDBGStopMode), (20 bytes).
    Removing stm32f0xx_hal.o(i.HAL_DeInit), (44 bytes).
    Removing stm32f0xx_hal.o(i.HAL_Delay), (26 bytes).
    Removing stm32f0xx_hal.o(i.HAL_GetDEVID), (16 bytes).
    Removing stm32f0xx_hal.o(i.HAL_GetHalVersion), (8 bytes).
    Removing stm32f0xx_hal.o(i.HAL_GetREVID), (12 bytes).
    Removing stm32f0xx_hal.o(i.HAL_MspDeInit), (2 bytes).
    Removing stm32f0xx_hal.o(i.HAL_MspInit), (2 bytes).
    Removing stm32f0xx_hal.o(i.HAL_ResumeTick), (20 bytes).
    Removing stm32f0xx_hal.o(i.HAL_SuspendTick), (20 bytes).
    Removing stm32f0xx_hal_pwr.o(.rev16_text), (4 bytes).
    Removing stm32f0xx_hal_pwr.o(.revsh_text), (4 bytes).
    Removing stm32f0xx_hal_pwr.o(i.HAL_PWR_DeInit), (32 bytes).
    Removing stm32f0xx_hal_pwr.o(i.HAL_PWR_DisableBkUpAccess), (20 bytes).
    Removing stm32f0xx_hal_pwr.o(i.HAL_PWR_DisableSEVOnPend), (20 bytes).
    Removing stm32f0xx_hal_pwr.o(i.HAL_PWR_DisableSleepOnExit), (20 bytes).
    Removing stm32f0xx_hal_pwr.o(i.HAL_PWR_DisableWakeUpPin), (24 bytes).
    Removing stm32f0xx_hal_pwr.o(i.HAL_PWR_EnableBkUpAccess), (20 bytes).
    Removing stm32f0xx_hal_pwr.o(i.HAL_PWR_EnableSEVOnPend), (20 bytes).
    Removing stm32f0xx_hal_pwr.o(i.HAL_PWR_EnableSleepOnExit), (20 bytes).
    Removing stm32f0xx_hal_pwr.o(i.HAL_PWR_EnableWakeUpPin), (24 bytes).
    Removing stm32f0xx_hal_pwr.o(i.HAL_PWR_EnterSLEEPMode), (32 bytes).
    Removing stm32f0xx_hal_pwr.o(i.HAL_PWR_EnterSTANDBYMode), (40 bytes).
    Removing stm32f0xx_hal_pwr.o(i.HAL_PWR_EnterSTOPMode), (72 bytes).
    Removing stm32f0xx_hal_cortex.o(.rev16_text), (4 bytes).
    Removing stm32f0xx_hal_cortex.o(.revsh_text), (4 bytes).
    Removing stm32f0xx_hal_cortex.o(i.HAL_NVIC_ClearPendingIRQ), (24 bytes).
    Removing stm32f0xx_hal_cortex.o(i.HAL_NVIC_DisableIRQ), (24 bytes).
    Removing stm32f0xx_hal_cortex.o(i.HAL_NVIC_GetPendingIRQ), (40 bytes).
    Removing stm32f0xx_hal_cortex.o(i.HAL_NVIC_GetPriority), (72 bytes).
    Removing stm32f0xx_hal_cortex.o(i.HAL_NVIC_SetPendingIRQ), (24 bytes).
    Removing stm32f0xx_hal_cortex.o(i.HAL_NVIC_SystemReset), (56 bytes).
    Removing stm32f0xx_hal_uart_ex.o(.rev16_text), (4 bytes).
    Removing stm32f0xx_hal_uart_ex.o(.revsh_text), (4 bytes).
    Removing stm32f0xx_hal_uart_ex.o(i.HAL_MultiProcessorEx_AddressLength_Set), (66 bytes).
    Removing stm32f0xx_hal_uart_ex.o(i.HAL_RS485Ex_Init), (160 bytes).
    Removing stm32f0xx_hal_uart.o(.rev16_text), (4 bytes).
    Removing stm32f0xx_hal_uart.o(.revsh_text), (4 bytes).
    Removing stm32f0xx_hal_uart.o(i.HAL_HalfDuplex_EnableReceiver), (74 bytes).
    Removing stm32f0xx_hal_uart.o(i.HAL_HalfDuplex_EnableTransmitter), (74 bytes).
    Removing stm32f0xx_hal_uart.o(i.HAL_HalfDuplex_Init), (132 bytes).
    Removing stm32f0xx_hal_uart.o(i.HAL_MultiProcessor_DisableMuteMode), (58 bytes).
    Removing stm32f0xx_hal_uart.o(i.HAL_MultiProcessor_EnableMuteMode), (58 bytes).
    Removing stm32f0xx_hal_uart.o(i.HAL_MultiProcessor_EnterMuteMode), (14 bytes).
    Removing stm32f0xx_hal_uart.o(i.HAL_MultiProcessor_Init), (164 bytes).
    Removing stm32f0xx_hal_uart.o(i.HAL_UART_DMAPause), (114 bytes).
    Removing stm32f0xx_hal_uart.o(i.HAL_UART_DMAResume), (126 bytes).
    Removing stm32f0xx_hal_uart.o(i.HAL_UART_DMAStop), (62 bytes).
    Removing stm32f0xx_hal_uart.o(i.HAL_UART_DeInit), (72 bytes).
    Removing stm32f0xx_hal_uart.o(i.HAL_UART_GetError), (6 bytes).
    Removing stm32f0xx_hal_uart.o(i.HAL_UART_GetState), (8 bytes).
    Removing stm32f0xx_hal_uart.o(i.HAL_UART_MspDeInit), (2 bytes).
    Removing stm32f0xx_hal_uart.o(i.HAL_UART_MspInit), (2 bytes).
    Removing stm32f0xx_hal_uart.o(i.HAL_UART_Receive), (300 bytes).
    Removing stm32f0xx_hal_uart.o(i.HAL_UART_Receive_DMA), (172 bytes).
    Removing stm32f0xx_hal_uart.o(i.HAL_UART_Receive_IT), (212 bytes).
    Removing stm32f0xx_hal_uart.o(i.HAL_UART_RxHalfCpltCallback), (2 bytes).
    Removing stm32f0xx_hal_uart.o(i.HAL_UART_Transmit), (238 bytes).
    Removing stm32f0xx_hal_uart.o(i.HAL_UART_Transmit_IT), (132 bytes).
    Removing stm32f0xx_hal_uart.o(i.UART_DMAReceiveCplt), (66 bytes).
    Removing stm32f0xx_hal_uart.o(i.UART_DMARxHalfCplt), (14 bytes).
    Removing stm32f0xx_hal_uart.o(i.UART_WaitOnFlagUntilTimeout), (254 bytes).
    Removing stm32f0xx_hal_adc.o(.rev16_text), (4 bytes).
    Removing stm32f0xx_hal_adc.o(.revsh_text), (4 bytes).
    Removing stm32f0xx_hal_adc.o(i.ADC_ConversionStop), (108 bytes).
    Removing stm32f0xx_hal_adc.o(i.ADC_Disable), (170 bytes).
    Removing stm32f0xx_hal_adc.o(i.HAL_ADC_AnalogWDGConfig), (212 bytes).
    Removing stm32f0xx_hal_adc.o(i.HAL_ADC_DeInit), (184 bytes).
    Removing stm32f0xx_hal_adc.o(i.HAL_ADC_GetError), (6 bytes).
    Removing stm32f0xx_hal_adc.o(i.HAL_ADC_GetState), (6 bytes).
    Removing stm32f0xx_hal_adc.o(i.HAL_ADC_GetValue), (14 bytes).
    Removing stm32f0xx_hal_adc.o(i.HAL_ADC_IRQHandler), (278 bytes).
    Removing stm32f0xx_hal_adc.o(i.HAL_ADC_LevelOutOfWindowCallback), (2 bytes).
    Removing stm32f0xx_hal_adc.o(i.HAL_ADC_MspDeInit), (2 bytes).
    Removing stm32f0xx_hal_adc.o(i.HAL_ADC_MspInit), (2 bytes).
    Removing stm32f0xx_hal_adc.o(i.HAL_ADC_PollForConversion), (228 bytes).
    Removing stm32f0xx_hal_adc.o(i.HAL_ADC_PollForEvent), (138 bytes).
    Removing stm32f0xx_hal_adc.o(i.HAL_ADC_Start), (120 bytes).
    Removing stm32f0xx_hal_adc.o(i.HAL_ADC_Start_IT), (168 bytes).
    Removing stm32f0xx_hal_adc.o(i.HAL_ADC_Stop), (80 bytes).
    Removing stm32f0xx_hal_adc.o(i.HAL_ADC_Stop_DMA), (136 bytes).
    Removing stm32f0xx_hal_adc.o(i.HAL_ADC_Stop_IT), (92 bytes).
    Removing stm32f0xx_hal_adc_ex.o(.rev16_text), (4 bytes).
    Removing stm32f0xx_hal_adc_ex.o(.revsh_text), (4 bytes).
    Removing system_stm32f0xx.o(.rev16_text), (4 bytes).
    Removing system_stm32f0xx.o(.revsh_text), (4 bytes).
    Removing system_stm32f0xx.o(i.SystemCoreClockUpdate), (176 bytes).
    Removing stm32f0xx_it.o(.rev16_text), (4 bytes).
    Removing stm32f0xx_it.o(.revsh_text), (4 bytes).
    Removing stm32f0xx_hal_msp.o(.rev16_text), (4 bytes).
    Removing stm32f0xx_hal_msp.o(.revsh_text), (4 bytes).
    Removing stm32f0xx_hal_msp.o(i.HAL_ADC_MspDeInit), (64 bytes).
    Removing stm32f0xx_hal_msp.o(i.HAL_TIM_Base_MspDeInit), (40 bytes).
    Removing stm32f0xx_hal_msp.o(i.HAL_UART_MspDeInit), (68 bytes).
    Removing main.o(.rev16_text), (4 bytes).
    Removing main.o(.revsh_text), (4 bytes).
    Removing startup_stm32f030x8.o(HEAP), (512 bytes).

295 unused section(s) (total 24962 bytes) removed from the image.

==============================================================================

Image Symbol Table

    Local Symbols

    Symbol Name                              Value     Ov Type        Size  Object(Section)

    ../clib/../cmprslib/lz77c.c              0x00000000   Number         0  __dclz77c.o ABSOLUTE
    ../clib/microlib/division.c              0x00000000   Number         0  uidiv.o ABSOLUTE
    ../clib/microlib/init/entry.s            0x00000000   Number         0  entry8a.o ABSOLUTE
    ../clib/microlib/init/entry.s            0x00000000   Number         0  entry5.o ABSOLUTE
    ../clib/microlib/init/entry.s            0x00000000   Number         0  entry9a.o ABSOLUTE
    ../clib/microlib/init/entry.s            0x00000000   Number         0  entry9b.o ABSOLUTE
    ../clib/microlib/init/entry.s            0x00000000   Number         0  entry10a.o ABSOLUTE
    ../clib/microlib/init/entry.s            0x00000000   Number         0  entry2.o ABSOLUTE
    ../clib/microlib/init/entry.s            0x00000000   Number         0  entry.o ABSOLUTE
    ../clib/microlib/init/entry.s            0x00000000   Number         0  entry8b.o ABSOLUTE
    ../clib/microlib/init/entry.s            0x00000000   Number         0  entry10b.o ABSOLUTE
    ../clib/microlib/init/entry.s            0x00000000   Number         0  entry11a.o ABSOLUTE
    ../clib/microlib/init/entry.s            0x00000000   Number         0  entry11b.o ABSOLUTE
    ../clib/microlib/init/entry.s            0x00000000   Number         0  entry7a.o ABSOLUTE
    ../clib/microlib/init/entry.s            0x00000000   Number         0  entry7b.o ABSOLUTE
    ../clib/microlib/longlong.c              0x00000000   Number         0  llushr.o ABSOLUTE
    ..\Drivers\CMSIS\Device\ST\STM32F0xx\Source\Templates\arm\startup_stm32f030x8.s 0x00000000   Number         0  startup_stm32f030x8.o ABSOLUTE
    ..\Drivers\CMSIS\Device\ST\STM32F0xx\Source\Templates\system_stm32f0xx.c 0x00000000   Number         0  system_stm32f0xx.o ABSOLUTE
    ..\Drivers\STM32F0xx_HAL_Driver\Src\stm32f0xx_hal.c 0x00000000   Number         0  stm32f0xx_hal.o ABSOLUTE
    ..\Drivers\STM32F0xx_HAL_Driver\Src\stm32f0xx_hal_adc.c 0x00000000   Number         0  stm32f0xx_hal_adc.o ABSOLUTE
    ..\Drivers\STM32F0xx_HAL_Driver\Src\stm32f0xx_hal_adc_ex.c 0x00000000   Number         0  stm32f0xx_hal_adc_ex.o ABSOLUTE
    ..\Drivers\STM32F0xx_HAL_Driver\Src\stm32f0xx_hal_cortex.c 0x00000000   Number         0  stm32f0xx_hal_cortex.o ABSOLUTE
    ..\Drivers\STM32F0xx_HAL_Driver\Src\stm32f0xx_hal_dma.c 0x00000000   Number         0  stm32f0xx_hal_dma.o ABSOLUTE
    ..\Drivers\STM32F0xx_HAL_Driver\Src\stm32f0xx_hal_flash.c 0x00000000   Number         0  stm32f0xx_hal_flash.o ABSOLUTE
    ..\Drivers\STM32F0xx_HAL_Driver\Src\stm32f0xx_hal_flash_ex.c 0x00000000   Number         0  stm32f0xx_hal_flash_ex.o ABSOLUTE
    ..\Drivers\STM32F0xx_HAL_Driver\Src\stm32f0xx_hal_gpio.c 0x00000000   Number         0  stm32f0xx_hal_gpio.o ABSOLUTE
    ..\Drivers\STM32F0xx_HAL_Driver\Src\stm32f0xx_hal_pwr.c 0x00000000   Number         0  stm32f0xx_hal_pwr.o ABSOLUTE
    ..\Drivers\STM32F0xx_HAL_Driver\Src\stm32f0xx_hal_pwr_ex.c 0x00000000   Number         0  stm32f0xx_hal_pwr_ex.o ABSOLUTE
    ..\Drivers\STM32F0xx_HAL_Driver\Src\stm32f0xx_hal_rcc.c 0x00000000   Number         0  stm32f0xx_hal_rcc.o ABSOLUTE
    ..\Drivers\STM32F0xx_HAL_Driver\Src\stm32f0xx_hal_rcc_ex.c 0x00000000   Number         0  stm32f0xx_hal_rcc_ex.o ABSOLUTE
    ..\Drivers\STM32F0xx_HAL_Driver\Src\stm32f0xx_hal_tim.c 0x00000000   Number         0  stm32f0xx_hal_tim.o ABSOLUTE
    ..\Drivers\STM32F0xx_HAL_Driver\Src\stm32f0xx_hal_tim_ex.c 0x00000000   Number         0  stm32f0xx_hal_tim_ex.o ABSOLUTE
    ..\Drivers\STM32F0xx_HAL_Driver\Src\stm32f0xx_hal_uart.c 0x00000000   Number         0  stm32f0xx_hal_uart.o ABSOLUTE
    ..\Drivers\STM32F0xx_HAL_Driver\Src\stm32f0xx_hal_uart_ex.c 0x00000000   Number         0  stm32f0xx_hal_uart_ex.o ABSOLUTE
    ..\Src\main.c                            0x00000000   Number         0  main.o ABSOLUTE
    ..\Src\stm32f0xx_hal_msp.c               0x00000000   Number         0  stm32f0xx_hal_msp.o ABSOLUTE
    ..\Src\stm32f0xx_it.c                    0x00000000   Number         0  stm32f0xx_it.o ABSOLUTE
    ..\\Drivers\\CMSIS\\Device\\ST\\STM32F0xx\\Source\\Templates\\system_stm32f0xx.c 0x00000000   Number         0  system_stm32f0xx.o ABSOLUTE
    ..\\Drivers\\STM32F0xx_HAL_Driver\\Src\\stm32f0xx_hal.c 0x00000000   Number         0  stm32f0xx_hal.o ABSOLUTE
    ..\\Drivers\\STM32F0xx_HAL_Driver\\Src\\stm32f0xx_hal_adc.c 0x00000000   Number         0  stm32f0xx_hal_adc.o ABSOLUTE
    ..\\Drivers\\STM32F0xx_HAL_Driver\\Src\\stm32f0xx_hal_adc_ex.c 0x00000000   Number         0  stm32f0xx_hal_adc_ex.o ABSOLUTE
    ..\\Drivers\\STM32F0xx_HAL_Driver\\Src\\stm32f0xx_hal_cortex.c 0x00000000   Number         0  stm32f0xx_hal_cortex.o ABSOLUTE
    ..\\Drivers\\STM32F0xx_HAL_Driver\\Src\\stm32f0xx_hal_dma.c 0x00000000   Number         0  stm32f0xx_hal_dma.o ABSOLUTE
    ..\\Drivers\\STM32F0xx_HAL_Driver\\Src\\stm32f0xx_hal_flash.c 0x00000000   Number         0  stm32f0xx_hal_flash.o ABSOLUTE
    ..\\Drivers\\STM32F0xx_HAL_Driver\\Src\\stm32f0xx_hal_flash_ex.c 0x00000000   Number         0  stm32f0xx_hal_flash_ex.o ABSOLUTE
    ..\\Drivers\\STM32F0xx_HAL_Driver\\Src\\stm32f0xx_hal_gpio.c 0x00000000   Number         0  stm32f0xx_hal_gpio.o ABSOLUTE
    ..\\Drivers\\STM32F0xx_HAL_Driver\\Src\\stm32f0xx_hal_pwr.c 0x00000000   Number         0  stm32f0xx_hal_pwr.o ABSOLUTE
    ..\\Drivers\\STM32F0xx_HAL_Driver\\Src\\stm32f0xx_hal_pwr_ex.c 0x00000000   Number         0  stm32f0xx_hal_pwr_ex.o ABSOLUTE
    ..\\Drivers\\STM32F0xx_HAL_Driver\\Src\\stm32f0xx_hal_rcc.c 0x00000000   Number         0  stm32f0xx_hal_rcc.o ABSOLUTE
    ..\\Drivers\\STM32F0xx_HAL_Driver\\Src\\stm32f0xx_hal_rcc_ex.c 0x00000000   Number         0  stm32f0xx_hal_rcc_ex.o ABSOLUTE
    ..\\Drivers\\STM32F0xx_HAL_Driver\\Src\\stm32f0xx_hal_tim.c 0x00000000   Number         0  stm32f0xx_hal_tim.o ABSOLUTE
    ..\\Drivers\\STM32F0xx_HAL_Driver\\Src\\stm32f0xx_hal_tim_ex.c 0x00000000   Number         0  stm32f0xx_hal_tim_ex.o ABSOLUTE
    ..\\Drivers\\STM32F0xx_HAL_Driver\\Src\\stm32f0xx_hal_uart.c 0x00000000   Number         0  stm32f0xx_hal_uart.o ABSOLUTE
    ..\\Drivers\\STM32F0xx_HAL_Driver\\Src\\stm32f0xx_hal_uart_ex.c 0x00000000   Number         0  stm32f0xx_hal_uart_ex.o ABSOLUTE
    ..\\Src\\main.c                          0x00000000   Number         0  main.o ABSOLUTE
    ..\\Src\\stm32f0xx_hal_msp.c             0x00000000   Number         0  stm32f0xx_hal_msp.o ABSOLUTE
    ..\\Src\\stm32f0xx_it.c                  0x00000000   Number         0  stm32f0xx_it.o ABSOLUTE
    dc.s                                     0x00000000   Number         0  dc.o ABSOLUTE
    handlers.s                               0x00000000   Number         0  handlers.o ABSOLUTE
    init.s                                   0x00000000   Number         0  init.o ABSOLUTE
    RESET                                    0x08000000   Section      180  startup_stm32f030x8.o(RESET)
    .ARM.Collect$$$$00000000                 0x080000b4   Section        0  entry.o(.ARM.Collect$$$$00000000)
    .ARM.Collect$$$$00000001                 0x080000b4   Section        4  entry2.o(.ARM.Collect$$$$00000001)
    .ARM.Collect$$$$00000004                 0x080000b8   Section        4  entry5.o(.ARM.Collect$$$$00000004)
    .ARM.Collect$$$$00000008                 0x080000bc   Section        0  entry7b.o(.ARM.Collect$$$$00000008)
    .ARM.Collect$$$$0000000A                 0x080000bc   Section        0  entry8b.o(.ARM.Collect$$$$0000000A)
    .ARM.Collect$$$$0000000B                 0x080000bc   Section        8  entry9a.o(.ARM.Collect$$$$0000000B)
    .ARM.Collect$$$$0000000D                 0x080000c4   Section        0  entry10a.o(.ARM.Collect$$$$0000000D)
    .ARM.Collect$$$$0000000F                 0x080000c4   Section        0  entry11a.o(.ARM.Collect$$$$0000000F)
    .ARM.Collect$$$$00002712                 0x080000c4   Section        4  entry2.o(.ARM.Collect$$$$00002712)
    __lit__00000000                          0x080000c4   Data           4  entry2.o(.ARM.Collect$$$$00002712)
    .text                                    0x080000c8   Section       28  startup_stm32f030x8.o(.text)
    .text                                    0x080000e4   Section        0  uidiv.o(.text)
    .text                                    0x08000110   Section       36  init.o(.text)
    .text                                    0x08000134   Section        0  __dclz77c.o(.text)
    i.ADC_DMAConvCplt                        0x08000194   Section        0  stm32f0xx_hal_adc.o(i.ADC_DMAConvCplt)
    ADC_DMAConvCplt                          0x08000195   Thumb Code   134  stm32f0xx_hal_adc.o(i.ADC_DMAConvCplt)
    i.ADC_DMAError                           0x0800021a   Section        0  stm32f0xx_hal_adc.o(i.ADC_DMAError)
    ADC_DMAError                             0x0800021b   Thumb Code    30  stm32f0xx_hal_adc.o(i.ADC_DMAError)
    i.ADC_DMAHalfConvCplt                    0x08000238   Section        0  stm32f0xx_hal_adc.o(i.ADC_DMAHalfConvCplt)
    ADC_DMAHalfConvCplt                      0x08000239   Thumb Code    14  stm32f0xx_hal_adc.o(i.ADC_DMAHalfConvCplt)
    i.ADC_Enable                             0x08000248   Section        0  stm32f0xx_hal_adc.o(i.ADC_Enable)
    ADC_Enable                               0x08000249   Thumb Code   198  stm32f0xx_hal_adc.o(i.ADC_Enable)
    i.DMA1_Channel1_IRQHandler               0x0800031c   Section        0  stm32f0xx_it.o(i.DMA1_Channel1_IRQHandler)
    i.DMA1_Channel2_3_IRQHandler             0x08000388   Section        0  stm32f0xx_it.o(i.DMA1_Channel2_3_IRQHandler)
    i.DMA1_Channel4_5_IRQHandler             0x080003a0   Section        0  stm32f0xx_it.o(i.DMA1_Channel4_5_IRQHandler)
    i.DMA_SetConfig                          0x080003b8   Section        0  stm32f0xx_hal_dma.o(i.DMA_SetConfig)
    DMA_SetConfig                            0x080003b9   Thumb Code    32  stm32f0xx_hal_dma.o(i.DMA_SetConfig)
    i.EXTI2_3_IRQHandler                     0x080003d8   Section        0  stm32f0xx_it.o(i.EXTI2_3_IRQHandler)
    i.HAL_ADCEx_Calibration_Start            0x080003e2   Section        0  stm32f0xx_hal_adc_ex.o(i.HAL_ADCEx_Calibration_Start)
    i.HAL_ADC_ConfigChannel                  0x080004a4   Section        0  stm32f0xx_hal_adc.o(i.HAL_ADC_ConfigChannel)
    i.HAL_ADC_ConvCpltCallback               0x08000628   Section        0  stm32f0xx_hal_adc.o(i.HAL_ADC_ConvCpltCallback)
    i.HAL_ADC_ConvHalfCpltCallback           0x0800062a   Section        0  stm32f0xx_hal_adc.o(i.HAL_ADC_ConvHalfCpltCallback)
    i.HAL_ADC_ErrorCallback                  0x0800062c   Section        0  stm32f0xx_hal_adc.o(i.HAL_ADC_ErrorCallback)
    i.HAL_ADC_Init                           0x08000630   Section        0  stm32f0xx_hal_adc.o(i.HAL_ADC_Init)
    i.HAL_ADC_MspInit                        0x080007e0   Section        0  stm32f0xx_hal_msp.o(i.HAL_ADC_MspInit)
    i.HAL_ADC_Start_DMA                      0x0800087c   Section        0  stm32f0xx_hal_adc.o(i.HAL_ADC_Start_DMA)
    i.HAL_DMA_IRQHandler                     0x0800093c   Section        0  stm32f0xx_hal_dma.o(i.HAL_DMA_IRQHandler)
    i.HAL_DMA_Init                           0x08000ba0   Section        0  stm32f0xx_hal_dma.o(i.HAL_DMA_Init)
    i.HAL_DMA_Start_IT                       0x08000bfc   Section        0  stm32f0xx_hal_dma.o(i.HAL_DMA_Start_IT)
    i.HAL_GPIO_EXTI_Callback                 0x08000c6e   Section        0  stm32f0xx_hal_gpio.o(i.HAL_GPIO_EXTI_Callback)
    i.HAL_GPIO_EXTI_IRQHandler               0x08000c70   Section        0  stm32f0xx_hal_gpio.o(i.HAL_GPIO_EXTI_IRQHandler)
    i.HAL_GPIO_Init                          0x08000c90   Section        0  stm32f0xx_hal_gpio.o(i.HAL_GPIO_Init)
    i.HAL_GPIO_ReadPin                       0x08000e80   Section        0  stm32f0xx_hal_gpio.o(i.HAL_GPIO_ReadPin)
    i.HAL_GPIO_TogglePin                     0x08000e92   Section        0  stm32f0xx_hal_gpio.o(i.HAL_GPIO_TogglePin)
    i.HAL_GPIO_WritePin                      0x08000e9a   Section        0  stm32f0xx_hal_gpio.o(i.HAL_GPIO_WritePin)
    i.HAL_GetTick                            0x08000ea8   Section        0  stm32f0xx_hal.o(i.HAL_GetTick)
    i.HAL_IncTick                            0x08000eb4   Section        0  stm32f0xx_hal.o(i.HAL_IncTick)
    i.HAL_Init                               0x08000ec4   Section        0  stm32f0xx_hal.o(i.HAL_Init)
    i.HAL_InitTick                           0x08000ee4   Section        0  stm32f0xx_hal.o(i.HAL_InitTick)
    i.HAL_MspInit                            0x08000f0c   Section        0  stm32f0xx_hal_msp.o(i.HAL_MspInit)
    i.HAL_NVIC_EnableIRQ                     0x08000f3c   Section        0  stm32f0xx_hal_cortex.o(i.HAL_NVIC_EnableIRQ)
    i.HAL_NVIC_SetPriority                   0x08000f54   Section        0  stm32f0xx_hal_cortex.o(i.HAL_NVIC_SetPriority)
    i.HAL_RCCEx_PeriphCLKConfig              0x08000f68   Section        0  stm32f0xx_hal_rcc_ex.o(i.HAL_RCCEx_PeriphCLKConfig)
    i.HAL_RCC_ClockConfig                    0x08001090   Section        0  stm32f0xx_hal_rcc.o(i.HAL_RCC_ClockConfig)
    i.HAL_RCC_GetHCLKFreq                    0x080012e0   Section        0  stm32f0xx_hal_rcc.o(i.HAL_RCC_GetHCLKFreq)
    i.HAL_RCC_GetPCLK1Freq                   0x0800130c   Section        0  stm32f0xx_hal_rcc.o(i.HAL_RCC_GetPCLK1Freq)
    i.HAL_RCC_GetSysClockFreq                0x08001330   Section        0  stm32f0xx_hal_rcc.o(i.HAL_RCC_GetSysClockFreq)
    i.HAL_RCC_OscConfig                      0x080013f4   Section        0  stm32f0xx_hal_rcc.o(i.HAL_RCC_OscConfig)
    i.HAL_SYSTICK_CLKSourceConfig            0x080019a0   Section        0  stm32f0xx_hal_cortex.o(i.HAL_SYSTICK_CLKSourceConfig)
    i.HAL_SYSTICK_Callback                   0x080019c4   Section        0  stm32f0xx_hal_cortex.o(i.HAL_SYSTICK_Callback)
    i.HAL_SYSTICK_Config                     0x080019c8   Section        0  stm32f0xx_hal_cortex.o(i.HAL_SYSTICK_Config)
    i.HAL_SYSTICK_IRQHandler                 0x08001a00   Section        0  stm32f0xx_hal_cortex.o(i.HAL_SYSTICK_IRQHandler)
    i.HAL_TIMEx_BreakCallback                0x08001a08   Section        0  stm32f0xx_hal_tim_ex.o(i.HAL_TIMEx_BreakCallback)
    i.HAL_TIMEx_CommutationCallback          0x08001a0a   Section        0  stm32f0xx_hal_tim_ex.o(i.HAL_TIMEx_CommutationCallback)
    i.HAL_TIMEx_MasterConfigSynchronization  0x08001a0c   Section        0  stm32f0xx_hal_tim_ex.o(i.HAL_TIMEx_MasterConfigSynchronization)
    i.HAL_TIM_Base_Init                      0x08001a6e   Section        0  stm32f0xx_hal_tim.o(i.HAL_TIM_Base_Init)
    i.HAL_TIM_Base_MspInit                   0x08001aa8   Section        0  stm32f0xx_hal_msp.o(i.HAL_TIM_Base_MspInit)
    i.HAL_TIM_ConfigClockSource              0x08001aec   Section        0  stm32f0xx_hal_tim.o(i.HAL_TIM_ConfigClockSource)
    i.HAL_TIM_IC_CaptureCallback             0x08001c2a   Section        0  stm32f0xx_hal_tim.o(i.HAL_TIM_IC_CaptureCallback)
    i.HAL_TIM_IRQHandler                     0x08001c2c   Section        0  stm32f0xx_hal_tim.o(i.HAL_TIM_IRQHandler)
    i.HAL_TIM_OC_DelayElapsedCallback        0x08001df4   Section        0  stm32f0xx_hal_tim.o(i.HAL_TIM_OC_DelayElapsedCallback)
    i.HAL_TIM_PWM_PulseFinishedCallback      0x08001df6   Section        0  stm32f0xx_hal_tim.o(i.HAL_TIM_PWM_PulseFinishedCallback)
    i.HAL_TIM_PeriodElapsedCallback          0x08001df8   Section        0  stm32f0xx_hal_tim.o(i.HAL_TIM_PeriodElapsedCallback)
    i.HAL_TIM_TriggerCallback                0x08001dfa   Section        0  stm32f0xx_hal_tim.o(i.HAL_TIM_TriggerCallback)
    i.HAL_UART_ErrorCallback                 0x08001dfc   Section        0  stm32f0xx_hal_uart.o(i.HAL_UART_ErrorCallback)
    i.HAL_UART_IRQHandler                    0x08001dfe   Section        0  stm32f0xx_hal_uart_ex.o(i.HAL_UART_IRQHandler)
    i.HAL_UART_Init                          0x08001f20   Section        0  stm32f0xx_hal_uart.o(i.HAL_UART_Init)
    i.HAL_UART_MspInit                       0x08001fa4   Section        0  stm32f0xx_hal_msp.o(i.HAL_UART_MspInit)
    i.HAL_UART_RxCpltCallback                0x080020c0   Section        0  stm32f0xx_hal_uart.o(i.HAL_UART_RxCpltCallback)
    i.HAL_UART_Transmit_DMA                  0x080020c4   Section        0  stm32f0xx_hal_uart.o(i.HAL_UART_Transmit_DMA)
    i.HAL_UART_TxCpltCallback                0x08002178   Section        0  stm32f0xx_hal_uart.o(i.HAL_UART_TxCpltCallback)
    i.HAL_UART_TxHalfCpltCallback            0x0800217a   Section        0  stm32f0xx_hal_uart.o(i.HAL_UART_TxHalfCpltCallback)
    i.MX_ADC_Init                            0x0800217c   Section        0  main.o(i.MX_ADC_Init)
    MX_ADC_Init                              0x0800217d   Thumb Code   106  main.o(i.MX_ADC_Init)
    i.MX_DMA_Init                            0x080021f0   Section        0  main.o(i.MX_DMA_Init)
    MX_DMA_Init                              0x080021f1   Thumb Code    80  main.o(i.MX_DMA_Init)
    i.MX_GPIO_Init                           0x08002244   Section        0  main.o(i.MX_GPIO_Init)
    MX_GPIO_Init                             0x08002245   Thumb Code   228  main.o(i.MX_GPIO_Init)
    i.MX_TIM3_Init                           0x08002340   Section        0  main.o(i.MX_TIM3_Init)
    MX_TIM3_Init                             0x08002341   Thumb Code    64  main.o(i.MX_TIM3_Init)
    i.MX_USART1_UART_Init                    0x08002388   Section        0  main.o(i.MX_USART1_UART_Init)
    MX_USART1_UART_Init                      0x08002389   Thumb Code    50  main.o(i.MX_USART1_UART_Init)
    i.MX_USART2_UART_Init                    0x080023c4   Section        0  main.o(i.MX_USART2_UART_Init)
    MX_USART2_UART_Init                      0x080023c5   Thumb Code    48  main.o(i.MX_USART2_UART_Init)
    i.NVIC_SetPriority                       0x08002400   Section        0  stm32f0xx_hal_cortex.o(i.NVIC_SetPriority)
    NVIC_SetPriority                         0x08002401   Thumb Code   110  stm32f0xx_hal_cortex.o(i.NVIC_SetPriority)
    i.SysTick_Handler                        0x08002478   Section        0  stm32f0xx_it.o(i.SysTick_Handler)
    i.SystemClock_Config                     0x0800249c   Section        0  main.o(i.SystemClock_Config)
    i.SystemInit                             0x08002500   Section        0  system_stm32f0xx.o(i.SystemInit)
    i.TIM3_IRQHandler                        0x08002574   Section        0  stm32f0xx_it.o(i.TIM3_IRQHandler)
    i.TIM_Base_SetConfig                     0x08002590   Section        0  stm32f0xx_hal_tim.o(i.TIM_Base_SetConfig)
    i.TIM_ETR_SetConfig                      0x08002624   Section        0  stm32f0xx_hal_tim.o(i.TIM_ETR_SetConfig)
    TIM_ETR_SetConfig                        0x08002625   Thumb Code    30  stm32f0xx_hal_tim.o(i.TIM_ETR_SetConfig)
    i.TIM_ITRx_SetConfig                     0x08002642   Section        0  stm32f0xx_hal_tim.o(i.TIM_ITRx_SetConfig)
    TIM_ITRx_SetConfig                       0x08002643   Thumb Code    26  stm32f0xx_hal_tim.o(i.TIM_ITRx_SetConfig)
    i.TIM_TI1_ConfigInputStage               0x0800265c   Section        0  stm32f0xx_hal_tim.o(i.TIM_TI1_ConfigInputStage)
    TIM_TI1_ConfigInputStage                 0x0800265d   Thumb Code    54  stm32f0xx_hal_tim.o(i.TIM_TI1_ConfigInputStage)
    i.TIM_TI2_ConfigInputStage               0x08002692   Section        0  stm32f0xx_hal_tim.o(i.TIM_TI2_ConfigInputStage)
    TIM_TI2_ConfigInputStage                 0x08002693   Thumb Code    54  stm32f0xx_hal_tim.o(i.TIM_TI2_ConfigInputStage)
    i.UART_AdvFeatureConfig                  0x080026c8   Section        0  stm32f0xx_hal_uart.o(i.UART_AdvFeatureConfig)
    i.UART_CheckIdleState                    0x080027b8   Section        0  stm32f0xx_hal_uart.o(i.UART_CheckIdleState)
    i.UART_DMAError                          0x080027d2   Section        0  stm32f0xx_hal_uart.o(i.UART_DMAError)
    UART_DMAError                            0x080027d3   Thumb Code    38  stm32f0xx_hal_uart.o(i.UART_DMAError)
    i.UART_DMATransmitCplt                   0x080027f8   Section        0  stm32f0xx_hal_uart.o(i.UART_DMATransmitCplt)
    UART_DMATransmitCplt                     0x080027f9   Thumb Code    64  stm32f0xx_hal_uart.o(i.UART_DMATransmitCplt)
    i.UART_DMATxHalfCplt                     0x08002838   Section        0  stm32f0xx_hal_uart.o(i.UART_DMATxHalfCplt)
    UART_DMATxHalfCplt                       0x08002839   Thumb Code    14  stm32f0xx_hal_uart.o(i.UART_DMATxHalfCplt)
    i.UART_EndTransmit_IT                    0x08002846   Section        0  stm32f0xx_hal_uart.o(i.UART_EndTransmit_IT)
    i.UART_Receive_IT                        0x08002882   Section        0  stm32f0xx_hal_uart.o(i.UART_Receive_IT)
    i.UART_SetConfig                         0x0800292c   Section        0  stm32f0xx_hal_uart.o(i.UART_SetConfig)
    i.UART_Transmit_IT                       0x08002ae4   Section        0  stm32f0xx_hal_uart.o(i.UART_Transmit_IT)
    i.USART1_IRQHandler                      0x08002b60   Section        0  stm32f0xx_it.o(i.USART1_IRQHandler)
    i.USART2_IRQHandler                      0x08002b70   Section        0  stm32f0xx_it.o(i.USART2_IRQHandler)
    i.__ARM_common_switch8                   0x08002b80   Section        0  stm32f0xx_hal_tim.o(i.__ARM_common_switch8)
    i.__scatterload_copy                     0x08002b9c   Section       14  handlers.o(i.__scatterload_copy)
    i.__scatterload_null                     0x08002baa   Section        2  handlers.o(i.__scatterload_null)
    i.__scatterload_zeroinit                 0x08002bac   Section       14  handlers.o(i.__scatterload_zeroinit)
    i.bufadd                                 0x08002bbc   Section        0  main.o(i.bufadd)
    bufadd                                   0x08002bbd   Thumb Code    92  main.o(i.bufadd)
    i.channel_sel                            0x08002c24   Section        0  main.o(i.channel_sel)
    channel_sel                              0x08002c25   Thumb Code   330  main.o(i.channel_sel)
    i.fill_key                               0x08002d70   Section        0  main.o(i.fill_key)
    fill_key                                 0x08002d71   Thumb Code    76  main.o(i.fill_key)
    i.fill_midi                              0x08002dc8   Section        0  main.o(i.fill_midi)
    fill_midi                                0x08002dc9   Thumb Code    92  main.o(i.fill_midi)
    i.get_ave                                0x08002e30   Section        0  main.o(i.get_ave)
    get_ave                                  0x08002e31   Thumb Code    72  main.o(i.get_ave)
    i.main                                   0x08002e78   Section        0  main.o(i.main)
    i.mybsearch                              0x080044f8   Section        0  main.o(i.mybsearch)
    mybsearch                                0x080044f9   Thumb Code    72  main.o(i.mybsearch)
    .constdata                               0x08004540   Section       16  stm32f0xx_hal_rcc.o(.constdata)
    .data                                    0x20000000   Section        4  stm32f0xx_hal.o(.data)
    uwTick                                   0x20000000   Data           4  stm32f0xx_hal.o(.data)
    .data                                    0x20000004   Section       20  system_stm32f0xx.o(.data)
    .data                                    0x20000018   Section     1675  main.o(.data)
    .bss                                     0x200006a4   Section     1264  main.o(.bss)
    STACK                                    0x20000b98   Section     1024  startup_stm32f030x8.o(STACK)

    Global Symbols

    Symbol Name                              Value     Ov Type        Size  Object(Section)

    BuildAttributes$$THM_ISAv3M$S$PE$A:L22$X:L11$S22$IEEE1$IW$USESV6$~STKCKD$USESV7$~SHL$OSPACE$EBA8$MICROLIB$REQ8$PRES8$EABIv2 0x00000000   Number         0  anon$$obj.o ABSOLUTE
    __ARM_use_no_argv                        0x00000000   Number         0  main.o ABSOLUTE
    __cpp_initialize__aeabi_                  - Undefined Weak Reference
    __cxa_finalize                            - Undefined Weak Reference
    _clock_init                               - Undefined Weak Reference
    _microlib_exit                            - Undefined Weak Reference
    __Vectors_Size                           0x000000b4   Number         0  startup_stm32f030x8.o ABSOLUTE
    __Vectors                                0x08000000   Data           4  startup_stm32f030x8.o(RESET)
    __Vectors_End                            0x080000b4   Data           0  startup_stm32f030x8.o(RESET)
    __main                                   0x080000b5   Thumb Code     0  entry.o(.ARM.Collect$$$$00000000)
    _main_stk                                0x080000b5   Thumb Code     0  entry2.o(.ARM.Collect$$$$00000001)
    _main_scatterload                        0x080000b9   Thumb Code     0  entry5.o(.ARM.Collect$$$$00000004)
    __main_after_scatterload                 0x080000bd   Thumb Code     0  entry5.o(.ARM.Collect$$$$00000004)
    _main_clock                              0x080000bd   Thumb Code     0  entry7b.o(.ARM.Collect$$$$00000008)
    _main_cpp_init                           0x080000bd   Thumb Code     0  entry8b.o(.ARM.Collect$$$$0000000A)
    _main_init                               0x080000bd   Thumb Code     0  entry9a.o(.ARM.Collect$$$$0000000B)
    __rt_final_cpp                           0x080000c5   Thumb Code     0  entry10a.o(.ARM.Collect$$$$0000000D)
    __rt_final_exit                          0x080000c5   Thumb Code     0  entry11a.o(.ARM.Collect$$$$0000000F)
    Reset_Handler                            0x080000c9   Thumb Code     8  startup_stm32f030x8.o(.text)
    NMI_Handler                              0x080000d1   Thumb Code     2  startup_stm32f030x8.o(.text)
    HardFault_Handler                        0x080000d3   Thumb Code     2  startup_stm32f030x8.o(.text)
    SVC_Handler                              0x080000d5   Thumb Code     2  startup_stm32f030x8.o(.text)
    PendSV_Handler                           0x080000d7   Thumb Code     2  startup_stm32f030x8.o(.text)
    ADC1_IRQHandler                          0x080000db   Thumb Code     0  startup_stm32f030x8.o(.text)
    EXTI0_1_IRQHandler                       0x080000db   Thumb Code     0  startup_stm32f030x8.o(.text)
    EXTI4_15_IRQHandler                      0x080000db   Thumb Code     0  startup_stm32f030x8.o(.text)
    FLASH_IRQHandler                         0x080000db   Thumb Code     0  startup_stm32f030x8.o(.text)
    I2C1_IRQHandler                          0x080000db   Thumb Code     0  startup_stm32f030x8.o(.text)
    I2C2_IRQHandler                          0x080000db   Thumb Code     0  startup_stm32f030x8.o(.text)
    RCC_IRQHandler                           0x080000db   Thumb Code     0  startup_stm32f030x8.o(.text)
    RTC_IRQHandler                           0x080000db   Thumb Code     0  startup_stm32f030x8.o(.text)
    SPI1_IRQHandler                          0x080000db   Thumb Code     0  startup_stm32f030x8.o(.text)
    SPI2_IRQHandler                          0x080000db   Thumb Code     0  startup_stm32f030x8.o(.text)
    TIM14_IRQHandler                         0x080000db   Thumb Code     0  startup_stm32f030x8.o(.text)
    TIM15_IRQHandler                         0x080000db   Thumb Code     0  startup_stm32f030x8.o(.text)
    TIM16_IRQHandler                         0x080000db   Thumb Code     0  startup_stm32f030x8.o(.text)
    TIM17_IRQHandler                         0x080000db   Thumb Code     0  startup_stm32f030x8.o(.text)
    TIM1_BRK_UP_TRG_COM_IRQHandler           0x080000db   Thumb Code     0  startup_stm32f030x8.o(.text)
    TIM1_CC_IRQHandler                       0x080000db   Thumb Code     0  startup_stm32f030x8.o(.text)
    WWDG_IRQHandler                          0x080000db   Thumb Code     0  startup_stm32f030x8.o(.text)
    __aeabi_uidiv                            0x080000e5   Thumb Code     0  uidiv.o(.text)
    __aeabi_uidivmod                         0x080000e5   Thumb Code    44  uidiv.o(.text)
    __scatterload                            0x08000111   Thumb Code    28  init.o(.text)
    __scatterload_rt2                        0x08000111   Thumb Code     0  init.o(.text)
    __decompress                             0x08000135   Thumb Code     0  __dclz77c.o(.text)
    __decompress2                            0x08000135   Thumb Code    96  __dclz77c.o(.text)
    DMA1_Channel1_IRQHandler                 0x0800031d   Thumb Code    78  stm32f0xx_it.o(i.DMA1_Channel1_IRQHandler)
    DMA1_Channel2_3_IRQHandler               0x08000389   Thumb Code    16  stm32f0xx_it.o(i.DMA1_Channel2_3_IRQHandler)
    DMA1_Channel4_5_IRQHandler               0x080003a1   Thumb Code    16  stm32f0xx_it.o(i.DMA1_Channel4_5_IRQHandler)
    EXTI2_3_IRQHandler                       0x080003d9   Thumb Code    10  stm32f0xx_it.o(i.EXTI2_3_IRQHandler)
    HAL_ADCEx_Calibration_Start              0x080003e3   Thumb Code   194  stm32f0xx_hal_adc_ex.o(i.HAL_ADCEx_Calibration_Start)
    HAL_ADC_ConfigChannel                    0x080004a5   Thumb Code   370  stm32f0xx_hal_adc.o(i.HAL_ADC_ConfigChannel)
    HAL_ADC_ConvCpltCallback                 0x08000629   Thumb Code     2  stm32f0xx_hal_adc.o(i.HAL_ADC_ConvCpltCallback)
    HAL_ADC_ConvHalfCpltCallback             0x0800062b   Thumb Code     2  stm32f0xx_hal_adc.o(i.HAL_ADC_ConvHalfCpltCallback)
    HAL_ADC_ErrorCallback                    0x0800062d   Thumb Code     2  stm32f0xx_hal_adc.o(i.HAL_ADC_ErrorCallback)
    HAL_ADC_Init                             0x08000631   Thumb Code   422  stm32f0xx_hal_adc.o(i.HAL_ADC_Init)
    HAL_ADC_MspInit                          0x080007e1   Thumb Code   136  stm32f0xx_hal_msp.o(i.HAL_ADC_MspInit)
    HAL_ADC_Start_DMA                        0x0800087d   Thumb Code   176  stm32f0xx_hal_adc.o(i.HAL_ADC_Start_DMA)
    HAL_DMA_IRQHandler                       0x0800093d   Thumb Code   606  stm32f0xx_hal_dma.o(i.HAL_DMA_IRQHandler)
    HAL_DMA_Init                             0x08000ba1   Thumb Code    86  stm32f0xx_hal_dma.o(i.HAL_DMA_Init)
    HAL_DMA_Start_IT                         0x08000bfd   Thumb Code   114  stm32f0xx_hal_dma.o(i.HAL_DMA_Start_IT)
    HAL_GPIO_EXTI_Callback                   0x08000c6f   Thumb Code     2  stm32f0xx_hal_gpio.o(i.HAL_GPIO_EXTI_Callback)
    HAL_GPIO_EXTI_IRQHandler                 0x08000c71   Thumb Code    26  stm32f0xx_hal_gpio.o(i.HAL_GPIO_EXTI_IRQHandler)
    HAL_GPIO_Init                            0x08000c91   Thumb Code   470  stm32f0xx_hal_gpio.o(i.HAL_GPIO_Init)
    HAL_GPIO_ReadPin                         0x08000e81   Thumb Code    18  stm32f0xx_hal_gpio.o(i.HAL_GPIO_ReadPin)
    HAL_GPIO_TogglePin                       0x08000e93   Thumb Code     8  stm32f0xx_hal_gpio.o(i.HAL_GPIO_TogglePin)
    HAL_GPIO_WritePin                        0x08000e9b   Thumb Code    12  stm32f0xx_hal_gpio.o(i.HAL_GPIO_WritePin)
    HAL_GetTick                              0x08000ea9   Thumb Code     6  stm32f0xx_hal.o(i.HAL_GetTick)
    HAL_IncTick                              0x08000eb5   Thumb Code    12  stm32f0xx_hal.o(i.HAL_IncTick)
    HAL_Init                                 0x08000ec5   Thumb Code    28  stm32f0xx_hal.o(i.HAL_Init)
    HAL_InitTick                             0x08000ee5   Thumb Code    38  stm32f0xx_hal.o(i.HAL_InitTick)
    HAL_MspInit                              0x08000f0d   Thumb Code    42  stm32f0xx_hal_msp.o(i.HAL_MspInit)
    HAL_NVIC_EnableIRQ                       0x08000f3d   Thumb Code    18  stm32f0xx_hal_cortex.o(i.HAL_NVIC_EnableIRQ)
    HAL_NVIC_SetPriority                     0x08000f55   Thumb Code    18  stm32f0xx_hal_cortex.o(i.HAL_NVIC_SetPriority)
    HAL_RCCEx_PeriphCLKConfig                0x08000f69   Thumb Code   282  stm32f0xx_hal_rcc_ex.o(i.HAL_RCCEx_PeriphCLKConfig)
    HAL_RCC_ClockConfig                      0x08001091   Thumb Code   578  stm32f0xx_hal_rcc.o(i.HAL_RCC_ClockConfig)
    HAL_RCC_GetHCLKFreq                      0x080012e1   Thumb Code    32  stm32f0xx_hal_rcc.o(i.HAL_RCC_GetHCLKFreq)
    HAL_RCC_GetPCLK1Freq                     0x0800130d   Thumb Code    26  stm32f0xx_hal_rcc.o(i.HAL_RCC_GetPCLK1Freq)
    HAL_RCC_GetSysClockFreq                  0x08001331   Thumb Code   150  stm32f0xx_hal_rcc.o(i.HAL_RCC_GetSysClockFreq)
    HAL_RCC_OscConfig                        0x080013f5   Thumb Code  1448  stm32f0xx_hal_rcc.o(i.HAL_RCC_OscConfig)
    HAL_SYSTICK_CLKSourceConfig              0x080019a1   Thumb Code    32  stm32f0xx_hal_cortex.o(i.HAL_SYSTICK_CLKSourceConfig)
    HAL_SYSTICK_Callback                     0x080019c5   Thumb Code     2  stm32f0xx_hal_cortex.o(i.HAL_SYSTICK_Callback)
    HAL_SYSTICK_Config                       0x080019c9   Thumb Code    46  stm32f0xx_hal_cortex.o(i.HAL_SYSTICK_Config)
    HAL_SYSTICK_IRQHandler                   0x08001a01   Thumb Code     8  stm32f0xx_hal_cortex.o(i.HAL_SYSTICK_IRQHandler)
    HAL_TIMEx_BreakCallback                  0x08001a09   Thumb Code     2  stm32f0xx_hal_tim_ex.o(i.HAL_TIMEx_BreakCallback)
    HAL_TIMEx_CommutationCallback            0x08001a0b   Thumb Code     2  stm32f0xx_hal_tim_ex.o(i.HAL_TIMEx_CommutationCallback)
    HAL_TIMEx_MasterConfigSynchronization    0x08001a0d   Thumb Code    98  stm32f0xx_hal_tim_ex.o(i.HAL_TIMEx_MasterConfigSynchronization)
    HAL_TIM_Base_Init                        0x08001a6f   Thumb Code    56  stm32f0xx_hal_tim.o(i.HAL_TIM_Base_Init)
    HAL_TIM_Base_MspInit                     0x08001aa9   Thumb Code    58  stm32f0xx_hal_msp.o(i.HAL_TIM_Base_MspInit)
    HAL_TIM_ConfigClockSource                0x08001aed   Thumb Code   318  stm32f0xx_hal_tim.o(i.HAL_TIM_ConfigClockSource)
    HAL_TIM_IC_CaptureCallback               0x08001c2b   Thumb Code     2  stm32f0xx_hal_tim.o(i.HAL_TIM_IC_CaptureCallback)
    HAL_TIM_IRQHandler                       0x08001c2d   Thumb Code   456  stm32f0xx_hal_tim.o(i.HAL_TIM_IRQHandler)
    HAL_TIM_OC_DelayElapsedCallback          0x08001df5   Thumb Code     2  stm32f0xx_hal_tim.o(i.HAL_TIM_OC_DelayElapsedCallback)
    HAL_TIM_PWM_PulseFinishedCallback        0x08001df7   Thumb Code     2  stm32f0xx_hal_tim.o(i.HAL_TIM_PWM_PulseFinishedCallback)
    HAL_TIM_PeriodElapsedCallback            0x08001df9   Thumb Code     2  stm32f0xx_hal_tim.o(i.HAL_TIM_PeriodElapsedCallback)
    HAL_TIM_TriggerCallback                  0x08001dfb   Thumb Code     2  stm32f0xx_hal_tim.o(i.HAL_TIM_TriggerCallback)
    HAL_UART_ErrorCallback                   0x08001dfd   Thumb Code     2  stm32f0xx_hal_uart.o(i.HAL_UART_ErrorCallback)
    HAL_UART_IRQHandler                      0x08001dff   Thumb Code   290  stm32f0xx_hal_uart_ex.o(i.HAL_UART_IRQHandler)
    HAL_UART_Init                            0x08001f21   Thumb Code   130  stm32f0xx_hal_uart.o(i.HAL_UART_Init)
    HAL_UART_MspInit                         0x08001fa5   Thumb Code   258  stm32f0xx_hal_msp.o(i.HAL_UART_MspInit)
    HAL_UART_RxCpltCallback                  0x080020c1   Thumb Code     2  stm32f0xx_hal_uart.o(i.HAL_UART_RxCpltCallback)
    HAL_UART_Transmit_DMA                    0x080020c5   Thumb Code   168  stm32f0xx_hal_uart.o(i.HAL_UART_Transmit_DMA)
    HAL_UART_TxCpltCallback                  0x08002179   Thumb Code     2  stm32f0xx_hal_uart.o(i.HAL_UART_TxCpltCallback)
    HAL_UART_TxHalfCpltCallback              0x0800217b   Thumb Code     2  stm32f0xx_hal_uart.o(i.HAL_UART_TxHalfCpltCallback)
    SysTick_Handler                          0x08002479   Thumb Code    28  stm32f0xx_it.o(i.SysTick_Handler)
    SystemClock_Config                       0x0800249d   Thumb Code    96  main.o(i.SystemClock_Config)
    SystemInit                               0x08002501   Thumb Code   104  system_stm32f0xx.o(i.SystemInit)
    TIM3_IRQHandler                          0x08002575   Thumb Code    20  stm32f0xx_it.o(i.TIM3_IRQHandler)
    TIM_Base_SetConfig                       0x08002591   Thumb Code   124  stm32f0xx_hal_tim.o(i.TIM_Base_SetConfig)
    UART_AdvFeatureConfig                    0x080026c9   Thumb Code   240  stm32f0xx_hal_uart.o(i.UART_AdvFeatureConfig)
    UART_CheckIdleState                      0x080027b9   Thumb Code    26  stm32f0xx_hal_uart.o(i.UART_CheckIdleState)
    UART_EndTransmit_IT                      0x08002847   Thumb Code    60  stm32f0xx_hal_uart.o(i.UART_EndTransmit_IT)
    UART_Receive_IT                          0x08002883   Thumb Code   168  stm32f0xx_hal_uart.o(i.UART_Receive_IT)
    UART_SetConfig                           0x0800292d   Thumb Code   412  stm32f0xx_hal_uart.o(i.UART_SetConfig)
    UART_Transmit_IT                         0x08002ae5   Thumb Code   122  stm32f0xx_hal_uart.o(i.UART_Transmit_IT)
    USART1_IRQHandler                        0x08002b61   Thumb Code    10  stm32f0xx_it.o(i.USART1_IRQHandler)
    USART2_IRQHandler                        0x08002b71   Thumb Code    10  stm32f0xx_it.o(i.USART2_IRQHandler)
    __ARM_common_switch8                     0x08002b81   Thumb Code    28  stm32f0xx_hal_tim.o(i.__ARM_common_switch8)
    __scatterload_copy                       0x08002b9d   Thumb Code    14  handlers.o(i.__scatterload_copy)
    __scatterload_null                       0x08002bab   Thumb Code     2  handlers.o(i.__scatterload_null)
    __scatterload_zeroinit                   0x08002bad   Thumb Code    14  handlers.o(i.__scatterload_zeroinit)
    main                                     0x08002e79   Thumb Code  5744  main.o(i.main)
    aAPBAHBPrescTable                        0x08004540   Data          16  stm32f0xx_hal_rcc.o(.constdata)
    Region$$Table$$Base                      0x08004550   Number         0  anon$$obj.o(Region$$Table)
    Region$$Table$$Limit                     0x08004570   Number         0  anon$$obj.o(Region$$Table)
    SystemCoreClock                          0x20000004   Data           4  system_stm32f0xx.o(.data)
    AHBPrescTable                            0x20000008   Data          16  system_stm32f0xx.o(.data)
    keyvlist                                 0x20000018   Data          88  main.o(.data)
    pianodata1                               0x20000070   Data         256  main.o(.data)
    pianodata2                               0x20000170   Data         256  main.o(.data)
    pianodata3                               0x20000270   Data         256  main.o(.data)
    pianodata4                               0x20000370   Data         256  main.o(.data)
    pianodata5                               0x20000470   Data         256  main.o(.data)
    pianodata6                               0x20000570   Data         256  main.o(.data)
    listfirst                                0x20000670   Data          28  main.o(.data)
    timer                                    0x2000068c   Data           2  main.o(.data)
    led_num                                  0x2000068e   Data           1  main.o(.data)
    pinflag                                  0x2000068f   Data           1  main.o(.data)
    bufnum_key                               0x20000690   Data           1  main.o(.data)
    uart_dma_buf_long_key                    0x20000691   Data           1  main.o(.data)
    dma_flag_key                             0x20000692   Data           1  main.o(.data)
    uart_dma_buf_out_key                     0x20000693   Data           1  main.o(.data)
    bufnum_midi                              0x20000694   Data           1  main.o(.data)
    uart_dma_buf_long_midi                   0x20000695   Data           1  main.o(.data)
    dma_flag_midi                            0x20000696   Data           1  main.o(.data)
    uart_dma_buf_out_midi                    0x20000697   Data           1  main.o(.data)
    chk_flg                                  0x20000698   Data           1  main.o(.data)
    ad_time_n                                0x20000699   Data           1  main.o(.data)
    adrespro1                                0x2000069a   Data           2  main.o(.data)
    adrespro2                                0x2000069c   Data           2  main.o(.data)
    adrespro3                                0x2000069e   Data           2  main.o(.data)
    adnum                                    0x200006a0   Data           1  main.o(.data)
    ad_flag                                  0x200006a1   Data           1  main.o(.data)
    jiaotflag                                0x200006a2   Data           1  main.o(.data)
    htim3                                    0x200006a4   Data          60  main.o(.bss)
    hadc                                     0x200006e0   Data          76  main.o(.bss)
    hdma_adc                                 0x2000072c   Data          56  main.o(.bss)
    huart1                                   0x20000764   Data         112  main.o(.bss)
    huart2                                   0x200007d4   Data         112  main.o(.bss)
    hdma_usart1_tx                           0x20000844   Data          56  main.o(.bss)
    hdma_usart2_tx                           0x2000087c   Data          56  main.o(.bss)
    keyMem                                   0x200008b4   Data          88  main.o(.bss)
    keyTimer                                 0x2000090c   Data         176  main.o(.bss)
    uartbuf_key                              0x200009bc   Data         204  main.o(.bss)
    uartbuf_midi                             0x20000a88   Data         204  main.o(.bss)
    key_send_flg                             0x20000b54   Data          16  main.o(.bss)
    aResultDA                                0x20000b64   Data          12  main.o(.bss)
    adres1                                   0x20000b70   Data          12  main.o(.bss)
    adres2                                   0x20000b7c   Data          12  main.o(.bss)
    adres3                                   0x20000b88   Data          12  main.o(.bss)
    __initial_sp                             0x20000f98   Data           0  startup_stm32f030x8.o(STACK)



==============================================================================

Memory Map of the image

  Image Entry point : 0x080000b5

  Load Region LR_IROM1 (Base: 0x08000000, Size: 0x00004c14, Max: 0x00010000, ABSOLUTE, COMPRESSED[0x000046d8])

    Execution Region ER_IROM1 (Base: 0x08000000, Size: 0x00004570, Max: 0x00010000, ABSOLUTE)

    Base Addr    Size         Type   Attr      Idx    E Section Name        Object

    0x08000000   0x000000b4   Data   RO         2457    RESET               startup_stm32f030x8.o
    0x080000b4   0x00000000   Code   RO         2462  * .ARM.Collect$$$$00000000  mc_p.l(entry.o)
    0x080000b4   0x00000004   Code   RO         2469    .ARM.Collect$$$$00000001  mc_p.l(entry2.o)
    0x080000b8   0x00000004   Code   RO         2472    .ARM.Collect$$$$00000004  mc_p.l(entry5.o)
    0x080000bc   0x00000000   Code   RO         2474    .ARM.Collect$$$$00000008  mc_p.l(entry7b.o)
    0x080000bc   0x00000000   Code   RO         2476    .ARM.Collect$$$$0000000A  mc_p.l(entry8b.o)
    0x080000bc   0x00000008   Code   RO         2477    .ARM.Collect$$$$0000000B  mc_p.l(entry9a.o)
    0x080000c4   0x00000000   Code   RO         2479    .ARM.Collect$$$$0000000D  mc_p.l(entry10a.o)
    0x080000c4   0x00000000   Code   RO         2481    .ARM.Collect$$$$0000000F  mc_p.l(entry11a.o)
    0x080000c4   0x00000004   Code   RO         2470    .ARM.Collect$$$$00002712  mc_p.l(entry2.o)
    0x080000c8   0x0000001c   Code   RO         2458    .text               startup_stm32f030x8.o
    0x080000e4   0x0000002c   Code   RO         2465    .text               mc_p.l(uidiv.o)
    0x08000110   0x00000024   Code   RO         2483    .text               mc_p.l(init.o)
    0x08000134   0x00000060   Code   RO         2493    .text               mc_p.l(__dclz77c.o)
    0x08000194   0x00000086   Code   RO         2014    i.ADC_DMAConvCplt   stm32f0xx_hal_adc.o
    0x0800021a   0x0000001e   Code   RO         2015    i.ADC_DMAError      stm32f0xx_hal_adc.o
    0x08000238   0x0000000e   Code   RO         2016    i.ADC_DMAHalfConvCplt  stm32f0xx_hal_adc.o
    0x08000246   0x00000002   PAD
    0x08000248   0x000000d4   Code   RO         2018    i.ADC_Enable        stm32f0xx_hal_adc.o
    0x0800031c   0x0000006c   Code   RO         2241    i.DMA1_Channel1_IRQHandler  stm32f0xx_it.o
    0x08000388   0x00000018   Code   RO         2242    i.DMA1_Channel2_3_IRQHandler  stm32f0xx_it.o
    0x080003a0   0x00000018   Code   RO         2243    i.DMA1_Channel4_5_IRQHandler  stm32f0xx_it.o
    0x080003b8   0x00000020   Code   RO          493    i.DMA_SetConfig     stm32f0xx_hal_dma.o
    0x080003d8   0x0000000a   Code   RO         2244    i.EXTI2_3_IRQHandler  stm32f0xx_it.o
    0x080003e2   0x000000c2   Code   RO         2189    i.HAL_ADCEx_Calibration_Start  stm32f0xx_hal_adc_ex.o
    0x080004a4   0x00000184   Code   RO         2020    i.HAL_ADC_ConfigChannel  stm32f0xx_hal_adc.o
    0x08000628   0x00000002   Code   RO         2021    i.HAL_ADC_ConvCpltCallback  stm32f0xx_hal_adc.o
    0x0800062a   0x00000002   Code   RO         2022    i.HAL_ADC_ConvHalfCpltCallback  stm32f0xx_hal_adc.o
    0x0800062c   0x00000002   Code   RO         2024    i.HAL_ADC_ErrorCallback  stm32f0xx_hal_adc.o
    0x0800062e   0x00000002   PAD
    0x08000630   0x000001b0   Code   RO         2029    i.HAL_ADC_Init      stm32f0xx_hal_adc.o
    0x080007e0   0x0000009c   Code   RO         2308    i.HAL_ADC_MspInit   stm32f0xx_hal_msp.o
    0x0800087c   0x000000c0   Code   RO         2036    i.HAL_ADC_Start_DMA  stm32f0xx_hal_adc.o
    0x0800093c   0x00000264   Code   RO          498    i.HAL_DMA_IRQHandler  stm32f0xx_hal_dma.o
    0x08000ba0   0x0000005c   Code   RO          499    i.HAL_DMA_Init      stm32f0xx_hal_dma.o
    0x08000bfc   0x00000072   Code   RO          502    i.HAL_DMA_Start_IT  stm32f0xx_hal_dma.o
    0x08000c6e   0x00000002   Code   RO          400    i.HAL_GPIO_EXTI_Callback  stm32f0xx_hal_gpio.o
    0x08000c70   0x00000020   Code   RO          401    i.HAL_GPIO_EXTI_IRQHandler  stm32f0xx_hal_gpio.o
    0x08000c90   0x000001f0   Code   RO          402    i.HAL_GPIO_Init     stm32f0xx_hal_gpio.o
    0x08000e80   0x00000012   Code   RO          404    i.HAL_GPIO_ReadPin  stm32f0xx_hal_gpio.o
    0x08000e92   0x00000008   Code   RO          405    i.HAL_GPIO_TogglePin  stm32f0xx_hal_gpio.o
    0x08000e9a   0x0000000c   Code   RO          406    i.HAL_GPIO_WritePin  stm32f0xx_hal_gpio.o
    0x08000ea6   0x00000002   PAD
    0x08000ea8   0x0000000c   Code   RO         1449    i.HAL_GetTick       stm32f0xx_hal.o
    0x08000eb4   0x00000010   Code   RO         1450    i.HAL_IncTick       stm32f0xx_hal.o
    0x08000ec4   0x00000020   Code   RO         1451    i.HAL_Init          stm32f0xx_hal.o
    0x08000ee4   0x00000026   Code   RO         1452    i.HAL_InitTick      stm32f0xx_hal.o
    0x08000f0a   0x00000002   PAD
    0x08000f0c   0x00000030   Code   RO         2309    i.HAL_MspInit       stm32f0xx_hal_msp.o
    0x08000f3c   0x00000018   Code   RO         1646    i.HAL_NVIC_EnableIRQ  stm32f0xx_hal_cortex.o
    0x08000f54   0x00000012   Code   RO         1650    i.HAL_NVIC_SetPriority  stm32f0xx_hal_cortex.o
    0x08000f66   0x00000002   PAD
    0x08000f68   0x00000128   Code   RO          463    i.HAL_RCCEx_PeriphCLKConfig  stm32f0xx_hal_rcc_ex.o
    0x08001090   0x00000250   Code   RO            4    i.HAL_RCC_ClockConfig  stm32f0xx_hal_rcc.o
    0x080012e0   0x0000002c   Code   RO            9    i.HAL_RCC_GetHCLKFreq  stm32f0xx_hal_rcc.o
    0x0800130c   0x00000024   Code   RO           11    i.HAL_RCC_GetPCLK1Freq  stm32f0xx_hal_rcc.o
    0x08001330   0x000000c4   Code   RO           12    i.HAL_RCC_GetSysClockFreq  stm32f0xx_hal_rcc.o
    0x080013f4   0x000005ac   Code   RO           15    i.HAL_RCC_OscConfig  stm32f0xx_hal_rcc.o
    0x080019a0   0x00000024   Code   RO         1652    i.HAL_SYSTICK_CLKSourceConfig  stm32f0xx_hal_cortex.o
    0x080019c4   0x00000002   Code   RO         1653    i.HAL_SYSTICK_Callback  stm32f0xx_hal_cortex.o
    0x080019c6   0x00000002   PAD
    0x080019c8   0x00000038   Code   RO         1654    i.HAL_SYSTICK_Config  stm32f0xx_hal_cortex.o
    0x08001a00   0x00000008   Code   RO         1655    i.HAL_SYSTICK_IRQHandler  stm32f0xx_hal_cortex.o
    0x08001a08   0x00000002   Code   RO          566    i.HAL_TIMEx_BreakCallback  stm32f0xx_hal_tim_ex.o
    0x08001a0a   0x00000002   Code   RO          567    i.HAL_TIMEx_CommutationCallback  stm32f0xx_hal_tim_ex.o
    0x08001a0c   0x00000062   Code   RO          583    i.HAL_TIMEx_MasterConfigSynchronization  stm32f0xx_hal_tim_ex.o
    0x08001a6e   0x00000038   Code   RO          803    i.HAL_TIM_Base_Init  stm32f0xx_hal_tim.o
    0x08001aa6   0x00000002   PAD
    0x08001aa8   0x00000044   Code   RO         2311    i.HAL_TIM_Base_MspInit  stm32f0xx_hal_msp.o
    0x08001aec   0x0000013e   Code   RO          812    i.HAL_TIM_ConfigClockSource  stm32f0xx_hal_tim.o
    0x08001c2a   0x00000002   Code   RO          832    i.HAL_TIM_IC_CaptureCallback  stm32f0xx_hal_tim.o
    0x08001c2c   0x000001c8   Code   RO          845    i.HAL_TIM_IRQHandler  stm32f0xx_hal_tim.o
    0x08001df4   0x00000002   Code   RO          848    i.HAL_TIM_OC_DelayElapsedCallback  stm32f0xx_hal_tim.o
    0x08001df6   0x00000002   Code   RO          875    i.HAL_TIM_PWM_PulseFinishedCallback  stm32f0xx_hal_tim.o
    0x08001df8   0x00000002   Code   RO          882    i.HAL_TIM_PeriodElapsedCallback  stm32f0xx_hal_tim.o
    0x08001dfa   0x00000002   Code   RO          886    i.HAL_TIM_TriggerCallback  stm32f0xx_hal_tim.o
    0x08001dfc   0x00000002   Code   RO         1781    i.HAL_UART_ErrorCallback  stm32f0xx_hal_uart.o
    0x08001dfe   0x00000122   Code   RO         1740    i.HAL_UART_IRQHandler  stm32f0xx_hal_uart_ex.o
    0x08001f20   0x00000082   Code   RO         1784    i.HAL_UART_Init     stm32f0xx_hal_uart.o
    0x08001fa2   0x00000002   PAD
    0x08001fa4   0x0000011c   Code   RO         2313    i.HAL_UART_MspInit  stm32f0xx_hal_msp.o
    0x080020c0   0x00000002   Code   RO         1790    i.HAL_UART_RxCpltCallback  stm32f0xx_hal_uart.o
    0x080020c2   0x00000002   PAD
    0x080020c4   0x000000b4   Code   RO         1793    i.HAL_UART_Transmit_DMA  stm32f0xx_hal_uart.o
    0x08002178   0x00000002   Code   RO         1795    i.HAL_UART_TxCpltCallback  stm32f0xx_hal_uart.o
    0x0800217a   0x00000002   Code   RO         1796    i.HAL_UART_TxHalfCpltCallback  stm32f0xx_hal_uart.o
    0x0800217c   0x00000074   Code   RO         2364    i.MX_ADC_Init       main.o
    0x080021f0   0x00000054   Code   RO         2365    i.MX_DMA_Init       main.o
    0x08002244   0x000000fc   Code   RO         2366    i.MX_GPIO_Init      main.o
    0x08002340   0x00000048   Code   RO         2367    i.MX_TIM3_Init      main.o
    0x08002388   0x0000003c   Code   RO         2368    i.MX_USART1_UART_Init  main.o
    0x080023c4   0x0000003c   Code   RO         2369    i.MX_USART2_UART_Init  main.o
    0x08002400   0x00000078   Code   RO         1656    i.NVIC_SetPriority  stm32f0xx_hal_cortex.o
    0x08002478   0x00000024   Code   RO         2245    i.SysTick_Handler   stm32f0xx_it.o
    0x0800249c   0x00000064   Code   RO         2370    i.SystemClock_Config  main.o
    0x08002500   0x00000074   Code   RO         2210    i.SystemInit        system_stm32f0xx.o
    0x08002574   0x0000001c   Code   RO         2246    i.TIM3_IRQHandler   stm32f0xx_it.o
    0x08002590   0x00000094   Code   RO          887    i.TIM_Base_SetConfig  stm32f0xx_hal_tim.o
    0x08002624   0x0000001e   Code   RO          894    i.TIM_ETR_SetConfig  stm32f0xx_hal_tim.o
    0x08002642   0x0000001a   Code   RO          895    i.TIM_ITRx_SetConfig  stm32f0xx_hal_tim.o
    0x0800265c   0x00000036   Code   RO          901    i.TIM_TI1_ConfigInputStage  stm32f0xx_hal_tim.o
    0x08002692   0x00000036   Code   RO          903    i.TIM_TI2_ConfigInputStage  stm32f0xx_hal_tim.o
    0x080026c8   0x000000f0   Code   RO         1797    i.UART_AdvFeatureConfig  stm32f0xx_hal_uart.o
    0x080027b8   0x0000001a   Code   RO         1798    i.UART_CheckIdleState  stm32f0xx_hal_uart.o
    0x080027d2   0x00000026   Code   RO         1799    i.UART_DMAError     stm32f0xx_hal_uart.o
    0x080027f8   0x00000040   Code   RO         1802    i.UART_DMATransmitCplt  stm32f0xx_hal_uart.o
    0x08002838   0x0000000e   Code   RO         1803    i.UART_DMATxHalfCplt  stm32f0xx_hal_uart.o
    0x08002846   0x0000003c   Code   RO         1804    i.UART_EndTransmit_IT  stm32f0xx_hal_uart.o
    0x08002882   0x000000a8   Code   RO         1805    i.UART_Receive_IT   stm32f0xx_hal_uart.o
    0x0800292a   0x00000002   PAD
    0x0800292c   0x000001b8   Code   RO         1806    i.UART_SetConfig    stm32f0xx_hal_uart.o
    0x08002ae4   0x0000007a   Code   RO         1807    i.UART_Transmit_IT  stm32f0xx_hal_uart.o
    0x08002b5e   0x00000002   PAD
    0x08002b60   0x00000010   Code   RO         2247    i.USART1_IRQHandler  stm32f0xx_it.o
    0x08002b70   0x00000010   Code   RO         2248    i.USART2_IRQHandler  stm32f0xx_it.o
    0x08002b80   0x0000001c   Code   RO         1433    i.__ARM_common_switch8  stm32f0xx_hal_tim.o
    0x08002b9c   0x0000000e   Code   RO         2487    i.__scatterload_copy  mc_p.l(handlers.o)
    0x08002baa   0x00000002   Code   RO         2488    i.__scatterload_null  mc_p.l(handlers.o)
    0x08002bac   0x0000000e   Code   RO         2489    i.__scatterload_zeroinit  mc_p.l(handlers.o)
    0x08002bba   0x00000002   PAD
    0x08002bbc   0x00000068   Code   RO         2371    i.bufadd            main.o
    0x08002c24   0x0000014a   Code   RO         2372    i.channel_sel       main.o
    0x08002d6e   0x00000002   PAD
    0x08002d70   0x00000058   Code   RO         2373    i.fill_key          main.o
    0x08002dc8   0x00000068   Code   RO         2374    i.fill_midi         main.o
    0x08002e30   0x00000048   Code   RO         2375    i.get_ave           main.o
    0x08002e78   0x00001680   Code   RO         2376    i.main              main.o
    0x080044f8   0x00000048   Code   RO         2377    i.mybsearch         main.o
    0x08004540   0x00000010   Data   RO           16    .constdata          stm32f0xx_hal_rcc.o
    0x08004550   0x00000020   Data   RO         2485    Region$$Table       anon$$obj.o


    Execution Region RW_IRAM1 (Base: 0x20000000, Size: 0x00000f98, Max: 0x00002000, ABSOLUTE, COMPRESSED[0x00000168])

    Base Addr    Size         Type   Attr      Idx    E Section Name        Object

    0x20000000   0x00000004   Data   RW         1457    .data               stm32f0xx_hal.o
    0x20000004   0x00000014   Data   RW         2211    .data               system_stm32f0xx.o
    0x20000018   0x0000068b   Data   RW         2379    .data               main.o
    0x200006a3   0x00000001   PAD
    0x200006a4   0x000004f0   Zero   RW         2378    .bss                main.o
    0x20000b94   0x00000004   PAD
    0x20000b98   0x00000400   Zero   RW         2455    STACK               startup_stm32f030x8.o


==============================================================================

Image component sizes


      Code (inc. data)   RO Data    RW Data    ZI Data      Debug   Object Name

      7274        378          0       1675       1264      11596   main.o
        28          8        180          0       1024        688   startup_stm32f030x8.o
        98         14          0          4          0       2858   stm32f0xx_hal.o
      1408         58          0          0          0       6989   stm32f0xx_hal_adc.o
       194          0          0          0          0       1206   stm32f0xx_hal_adc_ex.o
       264         30          0          0          0      10047   stm32f0xx_hal_cortex.o
       850         12          0          0          0       3247   stm32f0xx_hal_dma.o
       568         32          0          0          0       4380   stm32f0xx_hal_gpio.o
       556         62          0          0          0       2803   stm32f0xx_hal_msp.o
      2320         98         16          0          0     189713   stm32f0xx_hal_rcc.o
       296         14          0          0          0       1312   stm32f0xx_hal_rcc_ex.o
      1180         24          0          0          0       8543   stm32f0xx_hal_tim.o
       102          0          0          0          0       2114   stm32f0xx_hal_tim_ex.o
      1490         40          0          0          0       9541   stm32f0xx_hal_uart.o
       290          0          0          0          0       1070   stm32f0xx_hal_uart_ex.o
       262         74          0          0          0       3446   stm32f0xx_it.o
       116         12          0         20          0       1237   system_stm32f0xx.o

    ----------------------------------------------------------------------
     17320        856        228       1700       2292     260790   Object Totals
         0          0         32          0          0          0   (incl. Generated)
        24          0          0          1          4          0   (incl. Padding)

    ----------------------------------------------------------------------

      Code (inc. data)   RO Data    RW Data    ZI Data      Debug   Library Member Name

        96          0          0          0          0          0   __dclz77c.o
         0          0          0          0          0          0   entry.o
         0          0          0          0          0          0   entry10a.o
         0          0          0          0          0          0   entry11a.o
         8          4          0          0          0          0   entry2.o
         4          0          0          0          0          0   entry5.o
         0          0          0          0          0          0   entry7b.o
         0          0          0          0          0          0   entry8b.o
         8          4          0          0          0          0   entry9a.o
        30          0          0          0          0          0   handlers.o
        36          8          0          0          0         68   init.o
        44          0          0          0          0         72   uidiv.o

    ----------------------------------------------------------------------
       228         16          0          0          0        140   Library Totals
         2          0          0          0          0          0   (incl. Padding)

    ----------------------------------------------------------------------

      Code (inc. data)   RO Data    RW Data    ZI Data      Debug   Library Name

       226         16          0          0          0        140   mc_p.l

    ----------------------------------------------------------------------
       228         16          0          0          0        140   Library Totals

    ----------------------------------------------------------------------

==============================================================================


      Code (inc. data)   RO Data    RW Data    ZI Data      Debug   

     17548        872        228       1700       2292     256974   Grand Totals
     17548        872        228        360       2292     256974   ELF Image Totals (compressed)
     17548        872        228        360          0          0   ROM Totals

==============================================================================

    Total RO  Size (Code + RO Data)                17776 (  17.36kB)
    Total RW  Size (RW Data + ZI Data)              3992 (   3.90kB)
    Total ROM Size (Code + RO Data + RW Data)      18136 (  17.71kB)

==============================================================================

